Archive member included to satisfy reference by file (symbol)

C:/NXP/S32DS.3.5/S32DS/build_tools/gcc_b1620/gcc-6.3-arm32-eabi/arm-none-eabi/newlib/lib/thumb/v7e-m/fpv4-sp/hard\libc_nano.a(lib_a-exit.o)
                              C:/NXP/S32DS.3.5/S32DS/build_tools/gcc_b1620/gcc-6.3-arm32-eabi/arm-none-eabi/newlib/lib/thumb/v7e-m/fpv4-sp/hard/crt0.o (exit)
C:/NXP/S32DS.3.5/S32DS/build_tools/gcc_b1620/gcc-6.3-arm32-eabi/arm-none-eabi/newlib/lib/thumb/v7e-m/fpv4-sp/hard\libc_nano.a(lib_a-impure.o)
                              C:/NXP/S32DS.3.5/S32DS/build_tools/gcc_b1620/gcc-6.3-arm32-eabi/arm-none-eabi/newlib/lib/thumb/v7e-m/fpv4-sp/hard\libc_nano.a(lib_a-exit.o) (_global_impure_ptr)
C:/NXP/S32DS.3.5/S32DS/build_tools/gcc_b1620/gcc-6.3-arm32-eabi/arm-none-eabi/newlib/lib/thumb/v7e-m/fpv4-sp/hard\libc_nano.a(lib_a-init.o)
                              C:/NXP/S32DS.3.5/S32DS/build_tools/gcc_b1620/gcc-6.3-arm32-eabi/arm-none-eabi/newlib/lib/thumb/v7e-m/fpv4-sp/hard/crt0.o (__libc_init_array)
C:/NXP/S32DS.3.5/S32DS/build_tools/gcc_b1620/gcc-6.3-arm32-eabi/arm-none-eabi/newlib/lib/thumb/v7e-m/fpv4-sp/hard\libc_nano.a(lib_a-memset.o)
                              C:/NXP/S32DS.3.5/S32DS/build_tools/gcc_b1620/gcc-6.3-arm32-eabi/arm-none-eabi/newlib/lib/thumb/v7e-m/fpv4-sp/hard/crt0.o (memset)
C:/NXP/S32DS.3.5/S32DS/build_tools/gcc_b1620/gcc-6.3-arm32-eabi/arm-none-eabi/newlib/lib/thumb/v7e-m/fpv4-sp/hard\libnosys.a(_exit.o)
                              C:/NXP/S32DS.3.5/S32DS/build_tools/gcc_b1620/gcc-6.3-arm32-eabi/arm-none-eabi/newlib/lib/thumb/v7e-m/fpv4-sp/hard\libc_nano.a(lib_a-exit.o) (_exit)

Discarded input sections

 .text          0x00000000        0x0 c:/nxp/s32ds.3.5/s32ds/build_tools/gcc_b1620/gcc-6.3-arm32-eabi/bin/../lib/gcc/arm-none-eabi/6.3.1/thumb/v7e-m/fpv4-sp/hard/crti.o
 .data          0x00000000        0x0 c:/nxp/s32ds.3.5/s32ds/build_tools/gcc_b1620/gcc-6.3-arm32-eabi/bin/../lib/gcc/arm-none-eabi/6.3.1/thumb/v7e-m/fpv4-sp/hard/crti.o
 .bss           0x00000000        0x0 c:/nxp/s32ds.3.5/s32ds/build_tools/gcc_b1620/gcc-6.3-arm32-eabi/bin/../lib/gcc/arm-none-eabi/6.3.1/thumb/v7e-m/fpv4-sp/hard/crti.o
 .text          0x00000000       0xa4 c:/nxp/s32ds.3.5/s32ds/build_tools/gcc_b1620/gcc-6.3-arm32-eabi/bin/../lib/gcc/arm-none-eabi/6.3.1/thumb/v7e-m/fpv4-sp/hard/crtbegin.o
 .data          0x00000000        0x4 c:/nxp/s32ds.3.5/s32ds/build_tools/gcc_b1620/gcc-6.3-arm32-eabi/bin/../lib/gcc/arm-none-eabi/6.3.1/thumb/v7e-m/fpv4-sp/hard/crtbegin.o
 .bss           0x00000000       0x1c c:/nxp/s32ds.3.5/s32ds/build_tools/gcc_b1620/gcc-6.3-arm32-eabi/bin/../lib/gcc/arm-none-eabi/6.3.1/thumb/v7e-m/fpv4-sp/hard/crtbegin.o
 .init_array    0x00000000        0x4 c:/nxp/s32ds.3.5/s32ds/build_tools/gcc_b1620/gcc-6.3-arm32-eabi/bin/../lib/gcc/arm-none-eabi/6.3.1/thumb/v7e-m/fpv4-sp/hard/crtbegin.o
 .fini_array    0x00000000        0x4 c:/nxp/s32ds.3.5/s32ds/build_tools/gcc_b1620/gcc-6.3-arm32-eabi/bin/../lib/gcc/arm-none-eabi/6.3.1/thumb/v7e-m/fpv4-sp/hard/crtbegin.o
 .eh_frame      0x00000000        0x0 c:/nxp/s32ds.3.5/s32ds/build_tools/gcc_b1620/gcc-6.3-arm32-eabi/bin/../lib/gcc/arm-none-eabi/6.3.1/thumb/v7e-m/fpv4-sp/hard/crtbegin.o
 .jcr           0x00000000        0x0 c:/nxp/s32ds.3.5/s32ds/build_tools/gcc_b1620/gcc-6.3-arm32-eabi/bin/../lib/gcc/arm-none-eabi/6.3.1/thumb/v7e-m/fpv4-sp/hard/crtbegin.o
 .tm_clone_table
                0x00000000        0x0 c:/nxp/s32ds.3.5/s32ds/build_tools/gcc_b1620/gcc-6.3-arm32-eabi/bin/../lib/gcc/arm-none-eabi/6.3.1/thumb/v7e-m/fpv4-sp/hard/crtbegin.o
 .comment       0x00000000       0x7f c:/nxp/s32ds.3.5/s32ds/build_tools/gcc_b1620/gcc-6.3-arm32-eabi/bin/../lib/gcc/arm-none-eabi/6.3.1/thumb/v7e-m/fpv4-sp/hard/crtbegin.o
 .ARM.attributes
                0x00000000       0x34 c:/nxp/s32ds.3.5/s32ds/build_tools/gcc_b1620/gcc-6.3-arm32-eabi/bin/../lib/gcc/arm-none-eabi/6.3.1/thumb/v7e-m/fpv4-sp/hard/crtbegin.o
 .text          0x00000000       0x7c C:/NXP/S32DS.3.5/S32DS/build_tools/gcc_b1620/gcc-6.3-arm32-eabi/arm-none-eabi/newlib/lib/thumb/v7e-m/fpv4-sp/hard/crt0.o
 .data          0x00000000        0x0 C:/NXP/S32DS.3.5/S32DS/build_tools/gcc_b1620/gcc-6.3-arm32-eabi/arm-none-eabi/newlib/lib/thumb/v7e-m/fpv4-sp/hard/crt0.o
 .bss           0x00000000        0x0 C:/NXP/S32DS.3.5/S32DS/build_tools/gcc_b1620/gcc-6.3-arm32-eabi/arm-none-eabi/newlib/lib/thumb/v7e-m/fpv4-sp/hard/crt0.o
 .ARM.extab     0x00000000        0x0 C:/NXP/S32DS.3.5/S32DS/build_tools/gcc_b1620/gcc-6.3-arm32-eabi/arm-none-eabi/newlib/lib/thumb/v7e-m/fpv4-sp/hard/crt0.o
 .ARM.exidx     0x00000000       0x10 C:/NXP/S32DS.3.5/S32DS/build_tools/gcc_b1620/gcc-6.3-arm32-eabi/arm-none-eabi/newlib/lib/thumb/v7e-m/fpv4-sp/hard/crt0.o
 .ARM.attributes
                0x00000000       0x20 C:/NXP/S32DS.3.5/S32DS/build_tools/gcc_b1620/gcc-6.3-arm32-eabi/arm-none-eabi/newlib/lib/thumb/v7e-m/fpv4-sp/hard/crt0.o
 .data          0x00000000        0x0 ./Project_Settings/Startup_Code/startup_S32K146.o
 .bss           0x00000000        0x0 ./Project_Settings/Startup_Code/startup_S32K146.o
 .group         0x00000000        0xc ./SDK/platform/devices/S32K146/startup/system_S32K146.o
 .group         0x00000000        0xc ./SDK/platform/devices/S32K146/startup/system_S32K146.o
 .group         0x00000000        0xc ./SDK/platform/devices/S32K146/startup/system_S32K146.o
 .group         0x00000000        0xc ./SDK/platform/devices/S32K146/startup/system_S32K146.o
 .group         0x00000000        0xc ./SDK/platform/devices/S32K146/startup/system_S32K146.o
 .group         0x00000000        0xc ./SDK/platform/devices/S32K146/startup/system_S32K146.o
 .group         0x00000000        0xc ./SDK/platform/devices/S32K146/startup/system_S32K146.o
 .group         0x00000000        0xc ./SDK/platform/devices/S32K146/startup/system_S32K146.o
 .group         0x00000000        0xc ./SDK/platform/devices/S32K146/startup/system_S32K146.o
 .group         0x00000000        0xc ./SDK/platform/devices/S32K146/startup/system_S32K146.o
 .group         0x00000000        0xc ./SDK/platform/devices/S32K146/startup/system_S32K146.o
 .group         0x00000000        0xc ./SDK/platform/devices/S32K146/startup/system_S32K146.o
 .group         0x00000000        0xc ./SDK/platform/devices/S32K146/startup/system_S32K146.o
 .group         0x00000000        0xc ./SDK/platform/devices/S32K146/startup/system_S32K146.o
 .text          0x00000000        0x0 ./SDK/platform/devices/S32K146/startup/system_S32K146.o
 .data          0x00000000        0x0 ./SDK/platform/devices/S32K146/startup/system_S32K146.o
 .bss           0x00000000        0x0 ./SDK/platform/devices/S32K146/startup/system_S32K146.o
 .text.SystemCoreClockUpdate
                0x00000000       0x80 ./SDK/platform/devices/S32K146/startup/system_S32K146.o
 .text.SystemSoftwareReset
                0x00000000       0x18 ./SDK/platform/devices/S32K146/startup/system_S32K146.o
 .data.SystemCoreClock
                0x00000000        0x4 ./SDK/platform/devices/S32K146/startup/system_S32K146.o
 .group         0x00000000        0xc ./SDK/platform/devices/startup.o
 .group         0x00000000        0xc ./SDK/platform/devices/startup.o
 .group         0x00000000        0xc ./SDK/platform/devices/startup.o
 .group         0x00000000        0xc ./SDK/platform/devices/startup.o
 .group         0x00000000        0xc ./SDK/platform/devices/startup.o
 .group         0x00000000        0xc ./SDK/platform/devices/startup.o
 .group         0x00000000        0xc ./SDK/platform/devices/startup.o
 .group         0x00000000        0xc ./SDK/platform/devices/startup.o
 .group         0x00000000        0xc ./SDK/platform/devices/startup.o
 .group         0x00000000        0xc ./SDK/platform/devices/startup.o
 .group         0x00000000        0xc ./SDK/platform/devices/startup.o
 .group         0x00000000        0xc ./SDK/platform/devices/startup.o
 .group         0x00000000        0xc ./SDK/platform/devices/startup.o
 .text          0x00000000        0x0 ./SDK/platform/devices/startup.o
 .data          0x00000000        0x0 ./SDK/platform/devices/startup.o
 .bss           0x00000000        0x0 ./SDK/platform/devices/startup.o
 .debug_macro   0x00000000      0x8d4 ./SDK/platform/devices/startup.o
 .debug_macro   0x00000000       0x22 ./SDK/platform/devices/startup.o
 .debug_macro   0x00000000       0x56 ./SDK/platform/devices/startup.o
 .debug_macro   0x00000000       0x51 ./SDK/platform/devices/startup.o
 .debug_macro   0x00000000       0xef ./SDK/platform/devices/startup.o
 .debug_macro   0x00000000       0x6a ./SDK/platform/devices/startup.o
 .debug_macro   0x00000000      0x1df ./SDK/platform/devices/startup.o
 .debug_macro   0x00000000       0x10 ./SDK/platform/devices/startup.o
 .debug_macro   0x00000000       0x79 ./SDK/platform/devices/startup.o
 .debug_macro   0x00000000      0xbb6 ./SDK/platform/devices/startup.o
 .debug_macro   0x00000000       0x22 ./SDK/platform/devices/startup.o
 .group         0x00000000        0xc ./SDK/platform/drivers/src/clock/S32K1xx/clock_S32K1xx.o
 .group         0x00000000        0xc ./SDK/platform/drivers/src/clock/S32K1xx/clock_S32K1xx.o
 .group         0x00000000        0xc ./SDK/platform/drivers/src/clock/S32K1xx/clock_S32K1xx.o
 .group         0x00000000        0xc ./SDK/platform/drivers/src/clock/S32K1xx/clock_S32K1xx.o
 .group         0x00000000        0xc ./SDK/platform/drivers/src/clock/S32K1xx/clock_S32K1xx.o
 .group         0x00000000        0xc ./SDK/platform/drivers/src/clock/S32K1xx/clock_S32K1xx.o
 .group         0x00000000        0xc ./SDK/platform/drivers/src/clock/S32K1xx/clock_S32K1xx.o
 .group         0x00000000        0xc ./SDK/platform/drivers/src/clock/S32K1xx/clock_S32K1xx.o
 .group         0x00000000        0xc ./SDK/platform/drivers/src/clock/S32K1xx/clock_S32K1xx.o
 .group         0x00000000        0xc ./SDK/platform/drivers/src/clock/S32K1xx/clock_S32K1xx.o
 .group         0x00000000        0xc ./SDK/platform/drivers/src/clock/S32K1xx/clock_S32K1xx.o
 .group         0x00000000        0xc ./SDK/platform/drivers/src/clock/S32K1xx/clock_S32K1xx.o
 .group         0x00000000        0xc ./SDK/platform/drivers/src/clock/S32K1xx/clock_S32K1xx.o
 .group         0x00000000        0xc ./SDK/platform/drivers/src/clock/S32K1xx/clock_S32K1xx.o
 .group         0x00000000        0xc ./SDK/platform/drivers/src/clock/S32K1xx/clock_S32K1xx.o
 .group         0x00000000        0xc ./SDK/platform/drivers/src/clock/S32K1xx/clock_S32K1xx.o
 .text          0x00000000        0x0 ./SDK/platform/drivers/src/clock/S32K1xx/clock_S32K1xx.o
 .data          0x00000000        0x0 ./SDK/platform/drivers/src/clock/S32K1xx/clock_S32K1xx.o
 .bss           0x00000000        0x0 ./SDK/platform/drivers/src/clock/S32K1xx/clock_S32K1xx.o
 .text.CLOCK_SYS_GetSystemClockFreq
                0x00000000       0x80 ./SDK/platform/drivers/src/clock/S32K1xx/clock_S32K1xx.o
 .text.CLOCK_SYS_GetScgClkOutFreq
                0x00000000       0x44 ./SDK/platform/drivers/src/clock/S32K1xx/clock_S32K1xx.o
 .text.CLOCK_SYS_GetSysAsyncFreq
                0x00000000       0xc0 ./SDK/platform/drivers/src/clock/S32K1xx/clock_S32K1xx.o
 .text.CLOCK_SYS_GetSimRtcClkFreq
                0x00000000       0x50 ./SDK/platform/drivers/src/clock/S32K1xx/clock_S32K1xx.o
 .text.CLOCK_SYS_GetLpoFreq
                0x00000000       0x54 ./SDK/platform/drivers/src/clock/S32K1xx/clock_S32K1xx.o
 .text.CLOCK_SYS_GetSimClkOutFreq
                0x00000000       0x98 ./SDK/platform/drivers/src/clock/S32K1xx/clock_S32K1xx.o
 .text.CLOCK_SYS_GetSimClockFreq
                0x00000000      0x1c8 ./SDK/platform/drivers/src/clock/S32K1xx/clock_S32K1xx.o
 .text.CLOCK_SYS_GetPeripheralClock
                0x00000000       0xe0 ./SDK/platform/drivers/src/clock/S32K1xx/clock_S32K1xx.o
 .text.CLOCK_SYS_TransitionToTmpSysClk
                0x00000000       0xee ./SDK/platform/drivers/src/clock/S32K1xx/clock_S32K1xx.o
 .text.CLOCK_SYS_GetCurrentSysClkConfig
                0x00000000       0x60 ./SDK/platform/drivers/src/clock/S32K1xx/clock_S32K1xx.o
 .text.CLOCK_SYS_ConvertAsyncDividerValue
                0x00000000       0x6a ./SDK/platform/drivers/src/clock/S32K1xx/clock_S32K1xx.o
 .text.CLOCK_DRV_GetFreq
                0x00000000      0x1dc ./SDK/platform/drivers/src/clock/S32K1xx/clock_S32K1xx.o
 .text.CLOCK_DRV_SetModuleClock
                0x00000000      0x188 ./SDK/platform/drivers/src/clock/S32K1xx/clock_S32K1xx.o
 .text.CLOCK_DRV_SetSystemClock
                0x00000000      0x198 ./SDK/platform/drivers/src/clock/S32K1xx/clock_S32K1xx.o
 .text.CLOCK_DRV_GetSystemClockSource
                0x00000000       0x58 ./SDK/platform/drivers/src/clock/S32K1xx/clock_S32K1xx.o
 .text.CLOCK_DRV_SetClockSource
                0x00000000      0x2ec ./SDK/platform/drivers/src/clock/S32K1xx/clock_S32K1xx.o
 .text.CLOCK_SYS_Init
                0x00000000       0x28 ./SDK/platform/drivers/src/clock/S32K1xx/clock_S32K1xx.o
 .text.CLOCK_SYS_UpdateConfiguration
                0x00000000       0xf4 ./SDK/platform/drivers/src/clock/S32K1xx/clock_S32K1xx.o
 .text.CLOCK_SYS_GetCurrentConfiguration
                0x00000000        0xc ./SDK/platform/drivers/src/clock/S32K1xx/clock_S32K1xx.o
 .text.CLOCK_SYS_GetErrorCallback
                0x00000000       0x1c ./SDK/platform/drivers/src/clock/S32K1xx/clock_S32K1xx.o
 .text.CLOCK_SYS_GetFreq
                0x00000000        0x8 ./SDK/platform/drivers/src/clock/S32K1xx/clock_S32K1xx.o
 .text.CLOCK_SYS_SetConfiguration
                0x00000000        0x8 ./SDK/platform/drivers/src/clock/S32K1xx/clock_S32K1xx.o
 .bss.g_clockState
                0x00000000       0x10 ./SDK/platform/drivers/src/clock/S32K1xx/clock_S32K1xx.o
 .rodata.peripheralFeaturesList
                0x00000000       0x51 ./SDK/platform/drivers/src/clock/S32K1xx/clock_S32K1xx.o
 .rodata.sysClkDivMappings.7743
                0x00000000       0x10 ./SDK/platform/drivers/src/clock/S32K1xx/clock_S32K1xx.o
 .rodata.sysClkDivMappings.7821
                0x00000000       0x11 ./SDK/platform/drivers/src/clock/S32K1xx/clock_S32K1xx.o
 .debug_macro   0x00000000      0x8d4 ./SDK/platform/drivers/src/clock/S32K1xx/clock_S32K1xx.o
 .debug_macro   0x00000000       0x10 ./SDK/platform/drivers/src/clock/S32K1xx/clock_S32K1xx.o
 .debug_macro   0x00000000       0x79 ./SDK/platform/drivers/src/clock/S32K1xx/clock_S32K1xx.o
 .debug_macro   0x00000000       0x16 ./SDK/platform/drivers/src/clock/S32K1xx/clock_S32K1xx.o
 .debug_macro   0x00000000       0x22 ./SDK/platform/drivers/src/clock/S32K1xx/clock_S32K1xx.o
 .debug_macro   0x00000000       0x56 ./SDK/platform/drivers/src/clock/S32K1xx/clock_S32K1xx.o
 .debug_macro   0x00000000       0x51 ./SDK/platform/drivers/src/clock/S32K1xx/clock_S32K1xx.o
 .debug_macro   0x00000000       0xef ./SDK/platform/drivers/src/clock/S32K1xx/clock_S32K1xx.o
 .debug_macro   0x00000000       0x6a ./SDK/platform/drivers/src/clock/S32K1xx/clock_S32K1xx.o
 .debug_macro   0x00000000      0x1df ./SDK/platform/drivers/src/clock/S32K1xx/clock_S32K1xx.o
 .debug_macro   0x00000000     0xef44 ./SDK/platform/drivers/src/clock/S32K1xx/clock_S32K1xx.o
 .debug_macro   0x00000000      0xbb6 ./SDK/platform/drivers/src/clock/S32K1xx/clock_S32K1xx.o
 .debug_macro   0x00000000       0x22 ./SDK/platform/drivers/src/clock/S32K1xx/clock_S32K1xx.o
 .group         0x00000000        0xc ./SDK/platform/drivers/src/interrupt/interrupt_manager.o
 .group         0x00000000        0xc ./SDK/platform/drivers/src/interrupt/interrupt_manager.o
 .group         0x00000000        0xc ./SDK/platform/drivers/src/interrupt/interrupt_manager.o
 .group         0x00000000        0xc ./SDK/platform/drivers/src/interrupt/interrupt_manager.o
 .group         0x00000000        0xc ./SDK/platform/drivers/src/interrupt/interrupt_manager.o
 .group         0x00000000        0xc ./SDK/platform/drivers/src/interrupt/interrupt_manager.o
 .group         0x00000000        0xc ./SDK/platform/drivers/src/interrupt/interrupt_manager.o
 .group         0x00000000        0xc ./SDK/platform/drivers/src/interrupt/interrupt_manager.o
 .group         0x00000000        0xc ./SDK/platform/drivers/src/interrupt/interrupt_manager.o
 .group         0x00000000        0xc ./SDK/platform/drivers/src/interrupt/interrupt_manager.o
 .group         0x00000000        0xc ./SDK/platform/drivers/src/interrupt/interrupt_manager.o
 .group         0x00000000        0xc ./SDK/platform/drivers/src/interrupt/interrupt_manager.o
 .group         0x00000000        0xc ./SDK/platform/drivers/src/interrupt/interrupt_manager.o
 .group         0x00000000        0xc ./SDK/platform/drivers/src/interrupt/interrupt_manager.o
 .text          0x00000000        0x0 ./SDK/platform/drivers/src/interrupt/interrupt_manager.o
 .data          0x00000000        0x0 ./SDK/platform/drivers/src/interrupt/interrupt_manager.o
 .bss           0x00000000        0x0 ./SDK/platform/drivers/src/interrupt/interrupt_manager.o
 .text.INT_SYS_DisableIRQ
                0x00000000       0x2c ./SDK/platform/drivers/src/interrupt/interrupt_manager.o
 .text.INT_SYS_EnableIRQGlobal
                0x00000000       0x1c ./SDK/platform/drivers/src/interrupt/interrupt_manager.o
 .text.INT_SYS_DisableIRQGlobal
                0x00000000       0x10 ./SDK/platform/drivers/src/interrupt/interrupt_manager.o
 .text.INT_SYS_SetPriority
                0x00000000       0x70 ./SDK/platform/drivers/src/interrupt/interrupt_manager.o
 .text.INT_SYS_GetPriority
                0x00000000       0x54 ./SDK/platform/drivers/src/interrupt/interrupt_manager.o
 .text.INT_SYS_ClearPending
                0x00000000       0x2c ./SDK/platform/drivers/src/interrupt/interrupt_manager.o
 .text.INT_SYS_SetPending
                0x00000000       0x2c ./SDK/platform/drivers/src/interrupt/interrupt_manager.o
 .text.INT_SYS_GetPending
                0x00000000       0x2c ./SDK/platform/drivers/src/interrupt/interrupt_manager.o
 .text.INT_SYS_GetActive
                0x00000000       0x2c ./SDK/platform/drivers/src/interrupt/interrupt_manager.o
 .bss.g_interruptDisableCount
                0x00000000        0x4 ./SDK/platform/drivers/src/interrupt/interrupt_manager.o
 .debug_macro   0x00000000      0x8d4 ./SDK/platform/drivers/src/interrupt/interrupt_manager.o
 .debug_macro   0x00000000       0x10 ./SDK/platform/drivers/src/interrupt/interrupt_manager.o
 .debug_macro   0x00000000       0x79 ./SDK/platform/drivers/src/interrupt/interrupt_manager.o
 .debug_macro   0x00000000       0x16 ./SDK/platform/drivers/src/interrupt/interrupt_manager.o
 .debug_macro   0x00000000       0x22 ./SDK/platform/drivers/src/interrupt/interrupt_manager.o
 .debug_macro   0x00000000       0x56 ./SDK/platform/drivers/src/interrupt/interrupt_manager.o
 .debug_macro   0x00000000       0x51 ./SDK/platform/drivers/src/interrupt/interrupt_manager.o
 .debug_macro   0x00000000       0xef ./SDK/platform/drivers/src/interrupt/interrupt_manager.o
 .debug_macro   0x00000000       0x6a ./SDK/platform/drivers/src/interrupt/interrupt_manager.o
 .debug_macro   0x00000000      0x1df ./SDK/platform/drivers/src/interrupt/interrupt_manager.o
 .debug_macro   0x00000000     0xef44 ./SDK/platform/drivers/src/interrupt/interrupt_manager.o
 .debug_macro   0x00000000      0xbb6 ./SDK/platform/drivers/src/interrupt/interrupt_manager.o
 .debug_macro   0x00000000       0x22 ./SDK/platform/drivers/src/interrupt/interrupt_manager.o
 .debug_macro   0x00000000       0x40 ./SDK/platform/drivers/src/interrupt/interrupt_manager.o
 .group         0x00000000        0xc ./SDK/platform/drivers/src/pins/pins_driver.o
 .group         0x00000000        0xc ./SDK/platform/drivers/src/pins/pins_driver.o
 .group         0x00000000        0xc ./SDK/platform/drivers/src/pins/pins_driver.o
 .group         0x00000000        0xc ./SDK/platform/drivers/src/pins/pins_driver.o
 .group         0x00000000        0xc ./SDK/platform/drivers/src/pins/pins_driver.o
 .group         0x00000000        0xc ./SDK/platform/drivers/src/pins/pins_driver.o
 .group         0x00000000        0xc ./SDK/platform/drivers/src/pins/pins_driver.o
 .group         0x00000000        0xc ./SDK/platform/drivers/src/pins/pins_driver.o
 .group         0x00000000        0xc ./SDK/platform/drivers/src/pins/pins_driver.o
 .group         0x00000000        0xc ./SDK/platform/drivers/src/pins/pins_driver.o
 .group         0x00000000        0xc ./SDK/platform/drivers/src/pins/pins_driver.o
 .group         0x00000000        0xc ./SDK/platform/drivers/src/pins/pins_driver.o
 .group         0x00000000        0xc ./SDK/platform/drivers/src/pins/pins_driver.o
 .group         0x00000000        0xc ./SDK/platform/drivers/src/pins/pins_driver.o
 .text          0x00000000        0x0 ./SDK/platform/drivers/src/pins/pins_driver.o
 .data          0x00000000        0x0 ./SDK/platform/drivers/src/pins/pins_driver.o
 .bss           0x00000000        0x0 ./SDK/platform/drivers/src/pins/pins_driver.o
 .text.PINS_DRV_SetPullSel
                0x00000000       0x44 ./SDK/platform/drivers/src/pins/pins_driver.o
 .text.PINS_DRV_SetMuxModeSel
                0x00000000        0x8 ./SDK/platform/drivers/src/pins/pins_driver.o
 .text.PINS_DRV_GetPinIntSel
                0x00000000       0x12 ./SDK/platform/drivers/src/pins/pins_driver.o
 .text.PINS_DRV_EnableDigitalFilter
                0x00000000       0x18 ./SDK/platform/drivers/src/pins/pins_driver.o
 .text.PINS_DRV_DisableDigitalFilter
                0x00000000       0x1a ./SDK/platform/drivers/src/pins/pins_driver.o
 .text.PINS_DRV_ConfigDigitalFilter
                0x00000000       0x20 ./SDK/platform/drivers/src/pins/pins_driver.o
 .text.PINS_DRV_GetPinsDirection
                0x00000000        0x4 ./SDK/platform/drivers/src/pins/pins_driver.o
 .text.PINS_DRV_SetPinDirection
                0x00000000       0x18 ./SDK/platform/drivers/src/pins/pins_driver.o
 .text.PINS_DRV_SetPinsDirection
                0x00000000        0x4 ./SDK/platform/drivers/src/pins/pins_driver.o
 .text.PINS_DRV_SetPortInputDisable
                0x00000000        0x4 ./SDK/platform/drivers/src/pins/pins_driver.o
 .text.PINS_DRV_GetPortInputDisable
                0x00000000        0x4 ./SDK/platform/drivers/src/pins/pins_driver.o
 .text.PINS_DRV_SetGlobalPinControl
                0x00000000        0x8 ./SDK/platform/drivers/src/pins/pins_driver.o
 .text.PINS_DRV_SetGlobalIntControl
                0x00000000        0x8 ./SDK/platform/drivers/src/pins/pins_driver.o
 .text.PINS_DRV_WritePin
                0x00000000       0x18 ./SDK/platform/drivers/src/pins/pins_driver.o
 .text.PINS_DRV_WritePins
                0x00000000        0x4 ./SDK/platform/drivers/src/pins/pins_driver.o
 .text.PINS_DRV_GetPinsOutput
                0x00000000        0x4 ./SDK/platform/drivers/src/pins/pins_driver.o
 .text.PINS_DRV_TogglePins
                0x00000000        0x4 ./SDK/platform/drivers/src/pins/pins_driver.o
 .debug_macro   0x00000000      0x8d4 ./SDK/platform/drivers/src/pins/pins_driver.o
 .debug_macro   0x00000000       0x10 ./SDK/platform/drivers/src/pins/pins_driver.o
 .debug_macro   0x00000000       0x79 ./SDK/platform/drivers/src/pins/pins_driver.o
 .debug_macro   0x00000000       0x16 ./SDK/platform/drivers/src/pins/pins_driver.o
 .debug_macro   0x00000000       0x22 ./SDK/platform/drivers/src/pins/pins_driver.o
 .debug_macro   0x00000000       0x56 ./SDK/platform/drivers/src/pins/pins_driver.o
 .debug_macro   0x00000000       0x51 ./SDK/platform/drivers/src/pins/pins_driver.o
 .debug_macro   0x00000000       0xef ./SDK/platform/drivers/src/pins/pins_driver.o
 .debug_macro   0x00000000       0x6a ./SDK/platform/drivers/src/pins/pins_driver.o
 .debug_macro   0x00000000      0x1df ./SDK/platform/drivers/src/pins/pins_driver.o
 .debug_macro   0x00000000     0xef44 ./SDK/platform/drivers/src/pins/pins_driver.o
 .debug_macro   0x00000000      0xbb6 ./SDK/platform/drivers/src/pins/pins_driver.o
 .debug_macro   0x00000000       0x22 ./SDK/platform/drivers/src/pins/pins_driver.o
 .debug_macro   0x00000000      0x16d ./SDK/platform/drivers/src/pins/pins_driver.o
 .group         0x00000000        0xc ./SDK/platform/drivers/src/pins/pins_port_hw_access.o
 .group         0x00000000        0xc ./SDK/platform/drivers/src/pins/pins_port_hw_access.o
 .group         0x00000000        0xc ./SDK/platform/drivers/src/pins/pins_port_hw_access.o
 .group         0x00000000        0xc ./SDK/platform/drivers/src/pins/pins_port_hw_access.o
 .group         0x00000000        0xc ./SDK/platform/drivers/src/pins/pins_port_hw_access.o
 .group         0x00000000        0xc ./SDK/platform/drivers/src/pins/pins_port_hw_access.o
 .group         0x00000000        0xc ./SDK/platform/drivers/src/pins/pins_port_hw_access.o
 .group         0x00000000        0xc ./SDK/platform/drivers/src/pins/pins_port_hw_access.o
 .group         0x00000000        0xc ./SDK/platform/drivers/src/pins/pins_port_hw_access.o
 .group         0x00000000        0xc ./SDK/platform/drivers/src/pins/pins_port_hw_access.o
 .group         0x00000000        0xc ./SDK/platform/drivers/src/pins/pins_port_hw_access.o
 .group         0x00000000        0xc ./SDK/platform/drivers/src/pins/pins_port_hw_access.o
 .group         0x00000000        0xc ./SDK/platform/drivers/src/pins/pins_port_hw_access.o
 .group         0x00000000        0xc ./SDK/platform/drivers/src/pins/pins_port_hw_access.o
 .text          0x00000000        0x0 ./SDK/platform/drivers/src/pins/pins_port_hw_access.o
 .data          0x00000000        0x0 ./SDK/platform/drivers/src/pins/pins_port_hw_access.o
 .bss           0x00000000        0x0 ./SDK/platform/drivers/src/pins/pins_port_hw_access.o
 .text.PINS_SetMuxModeSel
                0x00000000       0x58 ./SDK/platform/drivers/src/pins/pins_port_hw_access.o
 .text.PINS_SetGlobalPinControl
                0x00000000       0x2e ./SDK/platform/drivers/src/pins/pins_port_hw_access.o
 .text.PINS_SetGlobalIntControl
                0x00000000       0x26 ./SDK/platform/drivers/src/pins/pins_port_hw_access.o
 .debug_macro   0x00000000      0x8d4 ./SDK/platform/drivers/src/pins/pins_port_hw_access.o
 .debug_macro   0x00000000      0x16d ./SDK/platform/drivers/src/pins/pins_port_hw_access.o
 .debug_macro   0x00000000       0x10 ./SDK/platform/drivers/src/pins/pins_port_hw_access.o
 .debug_macro   0x00000000       0x79 ./SDK/platform/drivers/src/pins/pins_port_hw_access.o
 .debug_macro   0x00000000       0x16 ./SDK/platform/drivers/src/pins/pins_port_hw_access.o
 .debug_macro   0x00000000       0x22 ./SDK/platform/drivers/src/pins/pins_port_hw_access.o
 .debug_macro   0x00000000       0x56 ./SDK/platform/drivers/src/pins/pins_port_hw_access.o
 .debug_macro   0x00000000       0x51 ./SDK/platform/drivers/src/pins/pins_port_hw_access.o
 .debug_macro   0x00000000       0xef ./SDK/platform/drivers/src/pins/pins_port_hw_access.o
 .debug_macro   0x00000000       0x6a ./SDK/platform/drivers/src/pins/pins_port_hw_access.o
 .debug_macro   0x00000000      0x1df ./SDK/platform/drivers/src/pins/pins_port_hw_access.o
 .debug_macro   0x00000000     0xef44 ./SDK/platform/drivers/src/pins/pins_port_hw_access.o
 .debug_macro   0x00000000      0xbb6 ./SDK/platform/drivers/src/pins/pins_port_hw_access.o
 .debug_macro   0x00000000       0x22 ./SDK/platform/drivers/src/pins/pins_port_hw_access.o
 .group         0x00000000        0xc ./SDK/rtos/osif/osif_baremetal.o
 .group         0x00000000        0xc ./SDK/rtos/osif/osif_baremetal.o
 .group         0x00000000        0xc ./SDK/rtos/osif/osif_baremetal.o
 .group         0x00000000        0xc ./SDK/rtos/osif/osif_baremetal.o
 .group         0x00000000        0xc ./SDK/rtos/osif/osif_baremetal.o
 .group         0x00000000        0xc ./SDK/rtos/osif/osif_baremetal.o
 .group         0x00000000        0xc ./SDK/rtos/osif/osif_baremetal.o
 .group         0x00000000        0xc ./SDK/rtos/osif/osif_baremetal.o
 .group         0x00000000        0xc ./SDK/rtos/osif/osif_baremetal.o
 .group         0x00000000        0xc ./SDK/rtos/osif/osif_baremetal.o
 .group         0x00000000        0xc ./SDK/rtos/osif/osif_baremetal.o
 .group         0x00000000        0xc ./SDK/rtos/osif/osif_baremetal.o
 .group         0x00000000        0xc ./SDK/rtos/osif/osif_baremetal.o
 .group         0x00000000        0xc ./SDK/rtos/osif/osif_baremetal.o
 .text          0x00000000        0x0 ./SDK/rtos/osif/osif_baremetal.o
 .data          0x00000000        0x0 ./SDK/rtos/osif/osif_baremetal.o
 .bss           0x00000000        0x0 ./SDK/rtos/osif/osif_baremetal.o
 .text.OSIF_TimeDelay
                0x00000000       0x70 ./SDK/rtos/osif/osif_baremetal.o
 .text.OSIF_GetMilliseconds
                0x00000000        0xc ./SDK/rtos/osif/osif_baremetal.o
 .text.OSIF_MutexLock
                0x00000000        0x4 ./SDK/rtos/osif/osif_baremetal.o
 .text.OSIF_MutexUnlock
                0x00000000        0x4 ./SDK/rtos/osif/osif_baremetal.o
 .text.OSIF_MutexCreate
                0x00000000        0x4 ./SDK/rtos/osif/osif_baremetal.o
 .text.OSIF_MutexDestroy
                0x00000000        0x4 ./SDK/rtos/osif/osif_baremetal.o
 .text.OSIF_SemaWait
                0x00000000       0xa0 ./SDK/rtos/osif/osif_baremetal.o
 .text.OSIF_SemaPost
                0x00000000       0x2c ./SDK/rtos/osif/osif_baremetal.o
 .text.OSIF_SemaCreate
                0x00000000       0x1a ./SDK/rtos/osif/osif_baremetal.o
 .text.OSIF_SemaDestroy
                0x00000000        0xa ./SDK/rtos/osif/osif_baremetal.o
 .data.first_init.6910
                0x00000000        0x1 ./SDK/rtos/osif/osif_baremetal.o
 .debug_macro   0x00000000      0x8d4 ./SDK/rtos/osif/osif_baremetal.o
 .debug_macro   0x00000000       0x22 ./SDK/rtos/osif/osif_baremetal.o
 .debug_macro   0x00000000       0x56 ./SDK/rtos/osif/osif_baremetal.o
 .debug_macro   0x00000000       0x51 ./SDK/rtos/osif/osif_baremetal.o
 .debug_macro   0x00000000       0xef ./SDK/rtos/osif/osif_baremetal.o
 .debug_macro   0x00000000       0x6a ./SDK/rtos/osif/osif_baremetal.o
 .debug_macro   0x00000000      0x1df ./SDK/rtos/osif/osif_baremetal.o
 .debug_macro   0x00000000      0x16d ./SDK/rtos/osif/osif_baremetal.o
 .debug_macro   0x00000000       0x10 ./SDK/rtos/osif/osif_baremetal.o
 .debug_macro   0x00000000       0x79 ./SDK/rtos/osif/osif_baremetal.o
 .debug_macro   0x00000000     0xef56 ./SDK/rtos/osif/osif_baremetal.o
 .debug_macro   0x00000000      0xbb6 ./SDK/rtos/osif/osif_baremetal.o
 .debug_macro   0x00000000       0x22 ./SDK/rtos/osif/osif_baremetal.o
 .debug_macro   0x00000000       0x8a ./SDK/rtos/osif/osif_baremetal.o
 .group         0x00000000        0xc ./board/clock_config.o
 .group         0x00000000        0xc ./board/clock_config.o
 .group         0x00000000        0xc ./board/clock_config.o
 .group         0x00000000        0xc ./board/clock_config.o
 .group         0x00000000        0xc ./board/clock_config.o
 .group         0x00000000        0xc ./board/clock_config.o
 .group         0x00000000        0xc ./board/clock_config.o
 .group         0x00000000        0xc ./board/clock_config.o
 .group         0x00000000        0xc ./board/clock_config.o
 .group         0x00000000        0xc ./board/clock_config.o
 .group         0x00000000        0xc ./board/clock_config.o
 .group         0x00000000        0xc ./board/clock_config.o
 .group         0x00000000        0xc ./board/clock_config.o
 .group         0x00000000        0xc ./board/clock_config.o
 .group         0x00000000        0xc ./board/clock_config.o
 .text          0x00000000        0x0 ./board/clock_config.o
 .data          0x00000000        0x0 ./board/clock_config.o
 .bss           0x00000000        0x0 ./board/clock_config.o
 .bss.g_clockManCallbacksArr
                0x00000000        0x4 ./board/clock_config.o
 .data.g_clockManConfigsArr
                0x00000000        0x4 ./board/clock_config.o
 .debug_macro   0x00000000      0x8d4 ./board/clock_config.o
 .debug_macro   0x00000000       0x10 ./board/clock_config.o
 .debug_macro   0x00000000       0x79 ./board/clock_config.o
 .debug_macro   0x00000000       0x16 ./board/clock_config.o
 .debug_macro   0x00000000       0x22 ./board/clock_config.o
 .debug_macro   0x00000000       0x56 ./board/clock_config.o
 .debug_macro   0x00000000       0x51 ./board/clock_config.o
 .debug_macro   0x00000000       0xef ./board/clock_config.o
 .debug_macro   0x00000000       0x6a ./board/clock_config.o
 .debug_macro   0x00000000      0x1df ./board/clock_config.o
 .debug_macro   0x00000000     0xef44 ./board/clock_config.o
 .debug_macro   0x00000000      0xbb6 ./board/clock_config.o
 .debug_macro   0x00000000       0x22 ./board/clock_config.o
 .debug_macro   0x00000000       0x8a ./board/clock_config.o
 .group         0x00000000        0xc ./board/peripherals_osif1.o
 .group         0x00000000        0xc ./board/peripherals_osif1.o
 .group         0x00000000        0xc ./board/peripherals_osif1.o
 .group         0x00000000        0xc ./board/peripherals_osif1.o
 .group         0x00000000        0xc ./board/peripherals_osif1.o
 .group         0x00000000        0xc ./board/peripherals_osif1.o
 .group         0x00000000        0xc ./board/peripherals_osif1.o
 .text          0x00000000        0x0 ./board/peripherals_osif1.o
 .data          0x00000000        0x0 ./board/peripherals_osif1.o
 .bss           0x00000000        0x0 ./board/peripherals_osif1.o
 .debug_info    0x00000000       0x68 ./board/peripherals_osif1.o
 .debug_abbrev  0x00000000       0x29 ./board/peripherals_osif1.o
 .debug_aranges
                0x00000000       0x18 ./board/peripherals_osif1.o
 .debug_macro   0x00000000       0x87 ./board/peripherals_osif1.o
 .debug_macro   0x00000000      0x8d4 ./board/peripherals_osif1.o
 .debug_macro   0x00000000       0x22 ./board/peripherals_osif1.o
 .debug_macro   0x00000000       0x56 ./board/peripherals_osif1.o
 .debug_macro   0x00000000       0x51 ./board/peripherals_osif1.o
 .debug_macro   0x00000000       0xef ./board/peripherals_osif1.o
 .debug_macro   0x00000000       0x6a ./board/peripherals_osif1.o
 .debug_macro   0x00000000      0x1df ./board/peripherals_osif1.o
 .debug_line    0x00000000      0x2d2 ./board/peripherals_osif1.o
 .debug_str     0x00000000     0x3539 ./board/peripherals_osif1.o
 .comment       0x00000000       0x7f ./board/peripherals_osif1.o
 .ARM.attributes
                0x00000000       0x39 ./board/peripherals_osif1.o
 .group         0x00000000        0xc ./board/pin_mux.o
 .group         0x00000000        0xc ./board/pin_mux.o
 .group         0x00000000        0xc ./board/pin_mux.o
 .group         0x00000000        0xc ./board/pin_mux.o
 .group         0x00000000        0xc ./board/pin_mux.o
 .group         0x00000000        0xc ./board/pin_mux.o
 .group         0x00000000        0xc ./board/pin_mux.o
 .group         0x00000000        0xc ./board/pin_mux.o
 .group         0x00000000        0xc ./board/pin_mux.o
 .group         0x00000000        0xc ./board/pin_mux.o
 .group         0x00000000        0xc ./board/pin_mux.o
 .group         0x00000000        0xc ./board/pin_mux.o
 .group         0x00000000        0xc ./board/pin_mux.o
 .group         0x00000000        0xc ./board/pin_mux.o
 .group         0x00000000        0xc ./board/pin_mux.o
 .text          0x00000000        0x0 ./board/pin_mux.o
 .data          0x00000000        0x0 ./board/pin_mux.o
 .bss           0x00000000        0x0 ./board/pin_mux.o
 .debug_macro   0x00000000      0x8d4 ./board/pin_mux.o
 .debug_macro   0x00000000      0x16d ./board/pin_mux.o
 .debug_macro   0x00000000       0x10 ./board/pin_mux.o
 .debug_macro   0x00000000       0x79 ./board/pin_mux.o
 .debug_macro   0x00000000       0x16 ./board/pin_mux.o
 .debug_macro   0x00000000       0x22 ./board/pin_mux.o
 .debug_macro   0x00000000       0x56 ./board/pin_mux.o
 .debug_macro   0x00000000       0x51 ./board/pin_mux.o
 .debug_macro   0x00000000       0xef ./board/pin_mux.o
 .debug_macro   0x00000000       0x6a ./board/pin_mux.o
 .debug_macro   0x00000000      0x1df ./board/pin_mux.o
 .debug_macro   0x00000000     0xef44 ./board/pin_mux.o
 .debug_macro   0x00000000      0xbb6 ./board/pin_mux.o
 .debug_macro   0x00000000       0x22 ./board/pin_mux.o
 .group         0x00000000        0xc ./src/main.o
 .group         0x00000000        0xc ./src/main.o
 .group         0x00000000        0xc ./src/main.o
 .group         0x00000000        0xc ./src/main.o
 .group         0x00000000        0xc ./src/main.o
 .group         0x00000000        0xc ./src/main.o
 .group         0x00000000        0xc ./src/main.o
 .group         0x00000000        0xc ./src/main.o
 .group         0x00000000        0xc ./src/main.o
 .group         0x00000000        0xc ./src/main.o
 .group         0x00000000        0xc ./src/main.o
 .group         0x00000000        0xc ./src/main.o
 .group         0x00000000        0xc ./src/main.o
 .group         0x00000000        0xc ./src/main.o
 .group         0x00000000        0xc ./src/main.o
 .group         0x00000000        0xc ./src/main.o
 .group         0x00000000        0xc ./src/main.o
 .group         0x00000000        0xc ./src/main.o
 .text          0x00000000        0x0 ./src/main.o
 .data          0x00000000        0x0 ./src/main.o
 .bss           0x00000000        0x0 ./src/main.o
 .bss.exit_code
                0x00000000        0x4 ./src/main.o
 .bss.u16_adc_pot
                0x00000000        0xc ./src/main.o
 .debug_macro   0x00000000      0x8d4 ./src/main.o
 .debug_macro   0x00000000       0x10 ./src/main.o
 .debug_macro   0x00000000       0x79 ./src/main.o
 .debug_macro   0x00000000       0x16 ./src/main.o
 .debug_macro   0x00000000       0x22 ./src/main.o
 .debug_macro   0x00000000       0x56 ./src/main.o
 .debug_macro   0x00000000       0x51 ./src/main.o
 .debug_macro   0x00000000       0xef ./src/main.o
 .debug_macro   0x00000000       0x6a ./src/main.o
 .debug_macro   0x00000000      0x1df ./src/main.o
 .debug_macro   0x00000000     0xef44 ./src/main.o
 .debug_macro   0x00000000      0xbb6 ./src/main.o
 .debug_macro   0x00000000       0x22 ./src/main.o
 .debug_macro   0x00000000       0x8a ./src/main.o
 .debug_macro   0x00000000       0x16 ./src/main.o
 .debug_macro   0x00000000      0x16d ./src/main.o
 .debug_macro   0x00000000       0x6a ./src/main.o
 .text          0x00000000        0x0 C:/NXP/S32DS.3.5/S32DS/build_tools/gcc_b1620/gcc-6.3-arm32-eabi/arm-none-eabi/newlib/lib/thumb/v7e-m/fpv4-sp/hard\libc_nano.a(lib_a-exit.o)
 .data          0x00000000        0x0 C:/NXP/S32DS.3.5/S32DS/build_tools/gcc_b1620/gcc-6.3-arm32-eabi/arm-none-eabi/newlib/lib/thumb/v7e-m/fpv4-sp/hard\libc_nano.a(lib_a-exit.o)
 .bss           0x00000000        0x0 C:/NXP/S32DS.3.5/S32DS/build_tools/gcc_b1620/gcc-6.3-arm32-eabi/arm-none-eabi/newlib/lib/thumb/v7e-m/fpv4-sp/hard\libc_nano.a(lib_a-exit.o)
 .text.exit     0x00000000       0x28 C:/NXP/S32DS.3.5/S32DS/build_tools/gcc_b1620/gcc-6.3-arm32-eabi/arm-none-eabi/newlib/lib/thumb/v7e-m/fpv4-sp/hard\libc_nano.a(lib_a-exit.o)
 .debug_frame   0x00000000       0x28 C:/NXP/S32DS.3.5/S32DS/build_tools/gcc_b1620/gcc-6.3-arm32-eabi/arm-none-eabi/newlib/lib/thumb/v7e-m/fpv4-sp/hard\libc_nano.a(lib_a-exit.o)
 .ARM.attributes
                0x00000000       0x34 C:/NXP/S32DS.3.5/S32DS/build_tools/gcc_b1620/gcc-6.3-arm32-eabi/arm-none-eabi/newlib/lib/thumb/v7e-m/fpv4-sp/hard\libc_nano.a(lib_a-exit.o)
 .text          0x00000000        0x0 C:/NXP/S32DS.3.5/S32DS/build_tools/gcc_b1620/gcc-6.3-arm32-eabi/arm-none-eabi/newlib/lib/thumb/v7e-m/fpv4-sp/hard\libc_nano.a(lib_a-impure.o)
 .data          0x00000000        0x0 C:/NXP/S32DS.3.5/S32DS/build_tools/gcc_b1620/gcc-6.3-arm32-eabi/arm-none-eabi/newlib/lib/thumb/v7e-m/fpv4-sp/hard\libc_nano.a(lib_a-impure.o)
 .bss           0x00000000        0x0 C:/NXP/S32DS.3.5/S32DS/build_tools/gcc_b1620/gcc-6.3-arm32-eabi/arm-none-eabi/newlib/lib/thumb/v7e-m/fpv4-sp/hard\libc_nano.a(lib_a-impure.o)
 .data._impure_ptr
                0x00000000        0x4 C:/NXP/S32DS.3.5/S32DS/build_tools/gcc_b1620/gcc-6.3-arm32-eabi/arm-none-eabi/newlib/lib/thumb/v7e-m/fpv4-sp/hard\libc_nano.a(lib_a-impure.o)
 .data.impure_data
                0x00000000       0x60 C:/NXP/S32DS.3.5/S32DS/build_tools/gcc_b1620/gcc-6.3-arm32-eabi/arm-none-eabi/newlib/lib/thumb/v7e-m/fpv4-sp/hard\libc_nano.a(lib_a-impure.o)
 .rodata._global_impure_ptr
                0x00000000        0x4 C:/NXP/S32DS.3.5/S32DS/build_tools/gcc_b1620/gcc-6.3-arm32-eabi/arm-none-eabi/newlib/lib/thumb/v7e-m/fpv4-sp/hard\libc_nano.a(lib_a-impure.o)
 .ARM.attributes
                0x00000000       0x34 C:/NXP/S32DS.3.5/S32DS/build_tools/gcc_b1620/gcc-6.3-arm32-eabi/arm-none-eabi/newlib/lib/thumb/v7e-m/fpv4-sp/hard\libc_nano.a(lib_a-impure.o)
 .text          0x00000000        0x0 C:/NXP/S32DS.3.5/S32DS/build_tools/gcc_b1620/gcc-6.3-arm32-eabi/arm-none-eabi/newlib/lib/thumb/v7e-m/fpv4-sp/hard\libc_nano.a(lib_a-init.o)
 .data          0x00000000        0x0 C:/NXP/S32DS.3.5/S32DS/build_tools/gcc_b1620/gcc-6.3-arm32-eabi/arm-none-eabi/newlib/lib/thumb/v7e-m/fpv4-sp/hard\libc_nano.a(lib_a-init.o)
 .bss           0x00000000        0x0 C:/NXP/S32DS.3.5/S32DS/build_tools/gcc_b1620/gcc-6.3-arm32-eabi/arm-none-eabi/newlib/lib/thumb/v7e-m/fpv4-sp/hard\libc_nano.a(lib_a-init.o)
 .text.__libc_init_array
                0x00000000       0x48 C:/NXP/S32DS.3.5/S32DS/build_tools/gcc_b1620/gcc-6.3-arm32-eabi/arm-none-eabi/newlib/lib/thumb/v7e-m/fpv4-sp/hard\libc_nano.a(lib_a-init.o)
 .debug_frame   0x00000000       0x2c C:/NXP/S32DS.3.5/S32DS/build_tools/gcc_b1620/gcc-6.3-arm32-eabi/arm-none-eabi/newlib/lib/thumb/v7e-m/fpv4-sp/hard\libc_nano.a(lib_a-init.o)
 .ARM.attributes
                0x00000000       0x34 C:/NXP/S32DS.3.5/S32DS/build_tools/gcc_b1620/gcc-6.3-arm32-eabi/arm-none-eabi/newlib/lib/thumb/v7e-m/fpv4-sp/hard\libc_nano.a(lib_a-init.o)
 .text          0x00000000        0x0 C:/NXP/S32DS.3.5/S32DS/build_tools/gcc_b1620/gcc-6.3-arm32-eabi/arm-none-eabi/newlib/lib/thumb/v7e-m/fpv4-sp/hard\libc_nano.a(lib_a-memset.o)
 .data          0x00000000        0x0 C:/NXP/S32DS.3.5/S32DS/build_tools/gcc_b1620/gcc-6.3-arm32-eabi/arm-none-eabi/newlib/lib/thumb/v7e-m/fpv4-sp/hard\libc_nano.a(lib_a-memset.o)
 .bss           0x00000000        0x0 C:/NXP/S32DS.3.5/S32DS/build_tools/gcc_b1620/gcc-6.3-arm32-eabi/arm-none-eabi/newlib/lib/thumb/v7e-m/fpv4-sp/hard\libc_nano.a(lib_a-memset.o)
 .text.memset   0x00000000       0x10 C:/NXP/S32DS.3.5/S32DS/build_tools/gcc_b1620/gcc-6.3-arm32-eabi/arm-none-eabi/newlib/lib/thumb/v7e-m/fpv4-sp/hard\libc_nano.a(lib_a-memset.o)
 .debug_frame   0x00000000       0x20 C:/NXP/S32DS.3.5/S32DS/build_tools/gcc_b1620/gcc-6.3-arm32-eabi/arm-none-eabi/newlib/lib/thumb/v7e-m/fpv4-sp/hard\libc_nano.a(lib_a-memset.o)
 .ARM.attributes
                0x00000000       0x34 C:/NXP/S32DS.3.5/S32DS/build_tools/gcc_b1620/gcc-6.3-arm32-eabi/arm-none-eabi/newlib/lib/thumb/v7e-m/fpv4-sp/hard\libc_nano.a(lib_a-memset.o)
 .text          0x00000000        0x0 C:/NXP/S32DS.3.5/S32DS/build_tools/gcc_b1620/gcc-6.3-arm32-eabi/arm-none-eabi/newlib/lib/thumb/v7e-m/fpv4-sp/hard\libnosys.a(_exit.o)
 .data          0x00000000        0x0 C:/NXP/S32DS.3.5/S32DS/build_tools/gcc_b1620/gcc-6.3-arm32-eabi/arm-none-eabi/newlib/lib/thumb/v7e-m/fpv4-sp/hard\libnosys.a(_exit.o)
 .bss           0x00000000        0x0 C:/NXP/S32DS.3.5/S32DS/build_tools/gcc_b1620/gcc-6.3-arm32-eabi/arm-none-eabi/newlib/lib/thumb/v7e-m/fpv4-sp/hard\libnosys.a(_exit.o)
 .text._exit    0x00000000        0x2 C:/NXP/S32DS.3.5/S32DS/build_tools/gcc_b1620/gcc-6.3-arm32-eabi/arm-none-eabi/newlib/lib/thumb/v7e-m/fpv4-sp/hard\libnosys.a(_exit.o)
 .debug_frame   0x00000000       0x20 C:/NXP/S32DS.3.5/S32DS/build_tools/gcc_b1620/gcc-6.3-arm32-eabi/arm-none-eabi/newlib/lib/thumb/v7e-m/fpv4-sp/hard\libnosys.a(_exit.o)
 .ARM.attributes
                0x00000000       0x34 C:/NXP/S32DS.3.5/S32DS/build_tools/gcc_b1620/gcc-6.3-arm32-eabi/arm-none-eabi/newlib/lib/thumb/v7e-m/fpv4-sp/hard\libnosys.a(_exit.o)
 .text          0x00000000        0x0 c:/nxp/s32ds.3.5/s32ds/build_tools/gcc_b1620/gcc-6.3-arm32-eabi/bin/../lib/gcc/arm-none-eabi/6.3.1/thumb/v7e-m/fpv4-sp/hard/crtend.o
 .data          0x00000000        0x0 c:/nxp/s32ds.3.5/s32ds/build_tools/gcc_b1620/gcc-6.3-arm32-eabi/bin/../lib/gcc/arm-none-eabi/6.3.1/thumb/v7e-m/fpv4-sp/hard/crtend.o
 .bss           0x00000000        0x0 c:/nxp/s32ds.3.5/s32ds/build_tools/gcc_b1620/gcc-6.3-arm32-eabi/bin/../lib/gcc/arm-none-eabi/6.3.1/thumb/v7e-m/fpv4-sp/hard/crtend.o
 .eh_frame      0x00000000        0x4 c:/nxp/s32ds.3.5/s32ds/build_tools/gcc_b1620/gcc-6.3-arm32-eabi/bin/../lib/gcc/arm-none-eabi/6.3.1/thumb/v7e-m/fpv4-sp/hard/crtend.o
 .jcr           0x00000000        0x4 c:/nxp/s32ds.3.5/s32ds/build_tools/gcc_b1620/gcc-6.3-arm32-eabi/bin/../lib/gcc/arm-none-eabi/6.3.1/thumb/v7e-m/fpv4-sp/hard/crtend.o
 .tm_clone_table
                0x00000000        0x0 c:/nxp/s32ds.3.5/s32ds/build_tools/gcc_b1620/gcc-6.3-arm32-eabi/bin/../lib/gcc/arm-none-eabi/6.3.1/thumb/v7e-m/fpv4-sp/hard/crtend.o
 .comment       0x00000000       0x7f c:/nxp/s32ds.3.5/s32ds/build_tools/gcc_b1620/gcc-6.3-arm32-eabi/bin/../lib/gcc/arm-none-eabi/6.3.1/thumb/v7e-m/fpv4-sp/hard/crtend.o
 .ARM.attributes
                0x00000000       0x34 c:/nxp/s32ds.3.5/s32ds/build_tools/gcc_b1620/gcc-6.3-arm32-eabi/bin/../lib/gcc/arm-none-eabi/6.3.1/thumb/v7e-m/fpv4-sp/hard/crtend.o
 .text          0x00000000        0x0 c:/nxp/s32ds.3.5/s32ds/build_tools/gcc_b1620/gcc-6.3-arm32-eabi/bin/../lib/gcc/arm-none-eabi/6.3.1/thumb/v7e-m/fpv4-sp/hard/crtn.o
 .data          0x00000000        0x0 c:/nxp/s32ds.3.5/s32ds/build_tools/gcc_b1620/gcc-6.3-arm32-eabi/bin/../lib/gcc/arm-none-eabi/6.3.1/thumb/v7e-m/fpv4-sp/hard/crtn.o
 .bss           0x00000000        0x0 c:/nxp/s32ds.3.5/s32ds/build_tools/gcc_b1620/gcc-6.3-arm32-eabi/bin/../lib/gcc/arm-none-eabi/6.3.1/thumb/v7e-m/fpv4-sp/hard/crtn.o
 .init          0x00000000        0x8 c:/nxp/s32ds.3.5/s32ds/build_tools/gcc_b1620/gcc-6.3-arm32-eabi/bin/../lib/gcc/arm-none-eabi/6.3.1/thumb/v7e-m/fpv4-sp/hard/crtn.o
 .fini          0x00000000        0x8 c:/nxp/s32ds.3.5/s32ds/build_tools/gcc_b1620/gcc-6.3-arm32-eabi/bin/../lib/gcc/arm-none-eabi/6.3.1/thumb/v7e-m/fpv4-sp/hard/crtn.o
 .ARM.attributes
                0x00000000       0x22 c:/nxp/s32ds.3.5/s32ds/build_tools/gcc_b1620/gcc-6.3-arm32-eabi/bin/../lib/gcc/arm-none-eabi/6.3.1/thumb/v7e-m/fpv4-sp/hard/crtn.o

Memory Configuration

Name             Origin             Length             Attributes
m_interrupts     0x00000000         0x00000400         xr
m_flash_config   0x00000400         0x00000010         xr
m_text           0x00000410         0x000ffbf0         xr
m_data           0x1fff0000         0x00010000         rw
m_data_2         0x20000000         0x0000f000         rw
*default*        0x00000000         0xffffffff

Linker script and memory map

LOAD c:/nxp/s32ds.3.5/s32ds/build_tools/gcc_b1620/gcc-6.3-arm32-eabi/bin/../lib/gcc/arm-none-eabi/6.3.1/thumb/v7e-m/fpv4-sp/hard/crti.o
LOAD c:/nxp/s32ds.3.5/s32ds/build_tools/gcc_b1620/gcc-6.3-arm32-eabi/bin/../lib/gcc/arm-none-eabi/6.3.1/thumb/v7e-m/fpv4-sp/hard/crtbegin.o
LOAD C:/NXP/S32DS.3.5/S32DS/build_tools/gcc_b1620/gcc-6.3-arm32-eabi/arm-none-eabi/newlib/lib/thumb/v7e-m/fpv4-sp/hard/crt0.o
LOAD ./Project_Settings/Startup_Code/startup_S32K146.o
LOAD ./SDK/platform/devices/S32K146/startup/system_S32K146.o
LOAD ./SDK/platform/devices/startup.o
LOAD ./SDK/platform/drivers/src/clock/S32K1xx/clock_S32K1xx.o
LOAD ./SDK/platform/drivers/src/interrupt/interrupt_manager.o
LOAD ./SDK/platform/drivers/src/pins/pins_driver.o
LOAD ./SDK/platform/drivers/src/pins/pins_port_hw_access.o
LOAD ./SDK/rtos/osif/osif_baremetal.o
LOAD ./board/clock_config.o
LOAD ./board/peripherals_osif1.o
LOAD ./board/pin_mux.o
LOAD ./src/main.o
START GROUP
LOAD c:/nxp/s32ds.3.5/s32ds/build_tools/gcc_b1620/gcc-6.3-arm32-eabi/bin/../lib/gcc/arm-none-eabi/6.3.1/thumb/v7e-m/fpv4-sp/hard\libgcc.a
LOAD C:/NXP/S32DS.3.5/S32DS/build_tools/gcc_b1620/gcc-6.3-arm32-eabi/arm-none-eabi/newlib/lib/thumb/v7e-m/fpv4-sp/hard\libc_nano.a
END GROUP
START GROUP
LOAD c:/nxp/s32ds.3.5/s32ds/build_tools/gcc_b1620/gcc-6.3-arm32-eabi/bin/../lib/gcc/arm-none-eabi/6.3.1/thumb/v7e-m/fpv4-sp/hard\libgcc.a
LOAD C:/NXP/S32DS.3.5/S32DS/build_tools/gcc_b1620/gcc-6.3-arm32-eabi/arm-none-eabi/newlib/lib/thumb/v7e-m/fpv4-sp/hard\libc_nano.a
LOAD C:/NXP/S32DS.3.5/S32DS/build_tools/gcc_b1620/gcc-6.3-arm32-eabi/arm-none-eabi/newlib/lib/thumb/v7e-m/fpv4-sp/hard\libnosys.a
END GROUP
START GROUP
LOAD c:/nxp/s32ds.3.5/s32ds/build_tools/gcc_b1620/gcc-6.3-arm32-eabi/bin/../lib/gcc/arm-none-eabi/6.3.1/thumb/v7e-m/fpv4-sp/hard\libgcc.a
LOAD C:/NXP/S32DS.3.5/S32DS/build_tools/gcc_b1620/gcc-6.3-arm32-eabi/arm-none-eabi/newlib/lib/thumb/v7e-m/fpv4-sp/hard\libc_nano.a
LOAD C:/NXP/S32DS.3.5/S32DS/build_tools/gcc_b1620/gcc-6.3-arm32-eabi/arm-none-eabi/newlib/lib/thumb/v7e-m/fpv4-sp/hard\libnosys.a
END GROUP
LOAD c:/nxp/s32ds.3.5/s32ds/build_tools/gcc_b1620/gcc-6.3-arm32-eabi/bin/../lib/gcc/arm-none-eabi/6.3.1/thumb/v7e-m/fpv4-sp/hard/crtend.o
LOAD c:/nxp/s32ds.3.5/s32ds/build_tools/gcc_b1620/gcc-6.3-arm32-eabi/bin/../lib/gcc/arm-none-eabi/6.3.1/thumb/v7e-m/fpv4-sp/hard/crtn.o
                0x00000400                HEAP_SIZE = DEFINED (__heap_size__)?__heap_size__:0x400
                0x00000400                STACK_SIZE = DEFINED (__stack_size__)?__stack_size__:0x400
                0x00000400                M_VECTOR_RAM_SIZE = DEFINED (__flash_vector_table__)?0x0:0x400

.interrupts     0x00000000      0x400
                0x00000000                __VECTOR_TABLE = .
                0x00000000                __interrupts_start__ = .
                0x00000000                . = ALIGN (0x4)
 *(.isr_vector)
 .isr_vector    0x00000000      0x400 ./Project_Settings/Startup_Code/startup_S32K146.o
                0x00000000                __isr_vector
                0x00000400                __interrupts_end__ = .
                0x00000400                . = ALIGN (0x4)

.flash_config   0x00000400       0x10
                0x00000400                . = ALIGN (0x4)
 *(.FlashConfig)
 .FlashConfig   0x00000400       0x10 ./Project_Settings/Startup_Code/startup_S32K146.o
                0x00000410                . = ALIGN (0x4)

.text           0x00000410     0x1adc
                0x00000410                . = ALIGN (0x4)
 *(.text)
 .text          0x00000410       0x6c ./Project_Settings/Startup_Code/startup_S32K146.o
                0x00000410                Reset_Handler
                0x00000478                FTM5_Ch2_Ch3_IRQHandler
                0x00000478                DebugMon_Handler
                0x00000478                Reserved88_IRQHandler
                0x00000478                CAN0_ORed_IRQHandler
                0x00000478                HardFault_Handler
                0x00000478                Reserved86_IRQHandler
                0x00000478                Reserved103_IRQHandler
                0x00000478                FTM2_Ovf_Reload_IRQHandler
                0x00000478                Reserved50_IRQHandler
                0x00000478                FTFC_Fault_IRQHandler
                0x00000478                FTM0_Ch6_Ch7_IRQHandler
                0x00000478                Reserved114_IRQHandler
                0x00000478                PendSV_Handler
                0x00000478                NMI_Handler
                0x00000478                Reserved89_IRQHandler
                0x00000478                ERM_double_fault_IRQHandler
                0x00000478                DMA2_IRQHandler
                0x00000478                Reserved59_IRQHandler
                0x00000478                LPIT0_Ch0_IRQHandler
                0x00000478                Reserved99_IRQHandler
                0x00000478                FTM3_Ch6_Ch7_IRQHandler
                0x00000478                CAN2_ORed_0_15_MB_IRQHandler
                0x00000478                LPIT0_Ch3_IRQHandler
                0x00000478                Reserved92_IRQHandler
                0x00000478                FTM0_Ch4_Ch5_IRQHandler
                0x00000478                CAN1_Error_IRQHandler
                0x00000478                FTM4_Ch6_Ch7_IRQHandler
                0x00000478                FTM3_Ch0_Ch1_IRQHandler
                0x00000478                SWI_IRQHandler
                0x00000478                ADC0_IRQHandler
                0x00000478                FTM2_Ch4_Ch5_IRQHandler
                0x00000478                UsageFault_Handler
                0x00000478                FTM0_Ovf_Reload_IRQHandler
                0x00000478                FTM4_Fault_IRQHandler
                0x00000478                DefaultISR
                0x00000478                DMA9_IRQHandler
                0x00000478                Reserved58_IRQHandler
                0x00000478                CAN1_ORed_0_15_MB_IRQHandler
                0x00000478                FTM1_Ch2_Ch3_IRQHandler
                0x00000478                DMA14_IRQHandler
                0x00000478                Reserved82_IRQHandler
                0x00000478                CAN0_ORed_16_31_MB_IRQHandler
                0x00000478                LPI2C0_Slave_IRQHandler
                0x00000478                Reserved71_IRQHandler
                0x00000478                PORTD_IRQHandler
                0x00000478                Reserved69_IRQHandler
                0x00000478                PORTB_IRQHandler
                0x00000478                Reserved70_IRQHandler
                0x00000478                ADC1_IRQHandler
                0x00000478                FTM2_Ch2_Ch3_IRQHandler
                0x00000478                FTM5_Ch0_Ch1_IRQHandler
                0x00000478                Reserved53_IRQHandler
                0x00000478                DMA5_IRQHandler
                0x00000478                RTC_IRQHandler
                0x00000478                PDB0_IRQHandler
                0x00000478                Reserved54_IRQHandler
                0x00000478                FTM2_Ch6_Ch7_IRQHandler
                0x00000478                FTM3_Ch2_Ch3_IRQHandler
                0x00000478                FTM2_Ch0_Ch1_IRQHandler
                0x00000478                LPSPI1_IRQHandler
                0x00000478                LPUART1_RxTx_IRQHandler
                0x00000478                FTM4_Ovf_Reload_IRQHandler
                0x00000478                RTC_Seconds_IRQHandler
                0x00000478                CAN2_ORed_IRQHandler
                0x00000478                Reserved72_IRQHandler
                0x00000478                Reserved110_IRQHandler
                0x00000478                DMA11_IRQHandler
                0x00000478                Reserved107_IRQHandler
                0x00000478                Read_Collision_IRQHandler
                0x00000478                CAN2_Error_IRQHandler
                0x00000478                FTFC_IRQHandler
                0x00000478                DMA7_IRQHandler
                0x00000478                FTM1_Ch6_Ch7_IRQHandler
                0x00000478                FTM5_Fault_IRQHandler
                0x00000478                LPIT0_Ch1_IRQHandler
                0x00000478                FTM4_Ch0_Ch1_IRQHandler
                0x00000478                FTM1_Ch4_Ch5_IRQHandler
                0x00000478                FTM3_Ovf_Reload_IRQHandler
                0x00000478                LPUART2_RxTx_IRQHandler
                0x00000478                FTM5_Ch4_Ch5_IRQHandler
                0x00000478                LPSPI0_IRQHandler
                0x00000478                WDOG_EWM_IRQHandler
                0x00000478                MemManage_Handler
                0x00000478                Reserved90_IRQHandler
                0x00000478                Reserved83_IRQHandler
                0x00000478                FTM0_Fault_IRQHandler
                0x00000478                Reserved48_IRQHandler
                0x00000478                SVC_Handler
                0x00000478                ERM_single_fault_IRQHandler
                0x00000478                FTM2_Fault_IRQHandler
                0x00000478                FTM0_Ch2_Ch3_IRQHandler
                0x00000478                DMA13_IRQHandler
                0x00000478                FTM4_Ch2_Ch3_IRQHandler
                0x00000478                FTM0_Ch0_Ch1_IRQHandler
                0x00000478                FTM4_Ch4_Ch5_IRQHandler
                0x00000478                FTM5_Ovf_Reload_IRQHandler
                0x00000478                FTM3_Fault_IRQHandler
                0x00000478                RCM_IRQHandler
                0x00000478                DMA3_IRQHandler
                0x00000478                Reserved100_IRQHandler
                0x00000478                DMA0_IRQHandler
                0x00000478                Reserved91_IRQHandler
                0x00000478                CAN1_ORed_IRQHandler
                0x00000478                DMA15_IRQHandler
                0x00000478                SCG_IRQHandler
                0x00000478                PDB1_IRQHandler
                0x00000478                Reserved81_IRQHandler
                0x00000478                Reserved46_IRQHandler
                0x00000478                Reserved45_IRQHandler
                0x00000478                CAN0_Error_IRQHandler
                0x00000478                Reserved112_IRQHandler
                0x00000478                LPI2C0_Master_IRQHandler
                0x00000478                DMA4_IRQHandler
                0x00000478                FTM1_Fault_IRQHandler
                0x00000478                Reserved106_IRQHandler
                0x00000478                DMA_Error_IRQHandler
                0x00000478                LVD_LVW_IRQHandler
                0x00000478                LPIT0_Ch2_IRQHandler
                0x00000478                PORTA_IRQHandler
                0x00000478                FTM5_Ch6_Ch7_IRQHandler
                0x00000478                CAN1_ORed_16_31_MB_IRQHandler
                0x00000478                MCM_IRQHandler
                0x00000478                LPSPI2_IRQHandler
                0x00000478                DMA12_IRQHandler
                0x00000478                FTM3_Ch4_Ch5_IRQHandler
                0x00000478                CAN0_ORed_0_15_MB_IRQHandler
                0x00000478                PORTE_IRQHandler
                0x00000478                LPUART0_RxTx_IRQHandler
                0x00000478                LPTMR0_IRQHandler
                0x00000478                BusFault_Handler
                0x00000478                Reserved87_IRQHandler
                0x00000478                FTM1_Ovf_Reload_IRQHandler
                0x00000478                DMA8_IRQHandler
                0x00000478                Reserved93_IRQHandler
                0x00000478                DMA10_IRQHandler
                0x00000478                CAN0_Wake_Up_IRQHandler
                0x00000478                CMP0_IRQHandler
                0x00000478                Reserved52_IRQHandler
                0x00000478                PORTC_IRQHandler
                0x00000478                DMA6_IRQHandler
                0x00000478                FTM1_Ch0_Ch1_IRQHandler
                0x00000478                FLEXIO_IRQHandler
                0x00000478                DMA1_IRQHandler
                0x00000478                Reserved113_IRQHandler
 *(.text*)
 .text.SystemInit
                0x0000047c       0x30 ./SDK/platform/devices/S32K146/startup/system_S32K146.o
                0x0000047c                SystemInit
 .text.init_data_bss
                0x000004ac       0xd8 ./SDK/platform/devices/startup.o
                0x000004ac                init_data_bss
 .text.CLOCK_SYS_GetCurrentRunMode
                0x00000584       0x24 ./SDK/platform/drivers/src/clock/S32K1xx/clock_S32K1xx.o
 .text.CLOCK_SYS_GetSysOscFreq
                0x000005a8       0x1c ./SDK/platform/drivers/src/clock/S32K1xx/clock_S32K1xx.o
 .text.CLOCK_SYS_ConfigureSOSC
                0x000005c4      0x12c ./SDK/platform/drivers/src/clock/S32K1xx/clock_S32K1xx.o
 .text.CLOCK_SYS_GetSircFreq
                0x000006f0       0x2c ./SDK/platform/drivers/src/clock/S32K1xx/clock_S32K1xx.o
 .text.CLOCK_SYS_ConfigureSIRC
                0x0000071c       0xc4 ./SDK/platform/drivers/src/clock/S32K1xx/clock_S32K1xx.o
 .text.CLOCK_SYS_GetFircFreq
                0x000007e0       0x20 ./SDK/platform/drivers/src/clock/S32K1xx/clock_S32K1xx.o
 .text.CLOCK_SYS_ConfigureFIRC
                0x00000800       0xb4 ./SDK/platform/drivers/src/clock/S32K1xx/clock_S32K1xx.o
 .text.CLOCK_SYS_GetSysPllFreq
                0x000008b4       0x44 ./SDK/platform/drivers/src/clock/S32K1xx/clock_S32K1xx.o
 .text.CLOCK_SYS_ConfigureSPLL
                0x000008f8      0x12c ./SDK/platform/drivers/src/clock/S32K1xx/clock_S32K1xx.o
 .text.CLOCK_SYS_SetSystemClockConfig
                0x00000a24      0x204 ./SDK/platform/drivers/src/clock/S32K1xx/clock_S32K1xx.o
 .text.CLOCK_SYS_TransitionSystemClock
                0x00000c28       0x54 ./SDK/platform/drivers/src/clock/S32K1xx/clock_S32K1xx.o
 .text.CLOCK_DRV_Init
                0x00000c7c      0x634 ./SDK/platform/drivers/src/clock/S32K1xx/clock_S32K1xx.o
                0x00000c7c                CLOCK_DRV_Init
 .text.INT_SYS_InstallHandler
                0x000012b0       0x60 ./SDK/platform/drivers/src/interrupt/interrupt_manager.o
                0x000012b0                INT_SYS_InstallHandler
 .text.INT_SYS_EnableIRQ
                0x00001310       0x28 ./SDK/platform/drivers/src/interrupt/interrupt_manager.o
                0x00001310                INT_SYS_EnableIRQ
 .text.PINS_DRV_Init
                0x00001338       0x20 ./SDK/platform/drivers/src/pins/pins_driver.o
                0x00001338                PINS_DRV_Init
 .text.PINS_DRV_SetPinIntSel
                0x00001358       0x20 ./SDK/platform/drivers/src/pins/pins_driver.o
                0x00001358                PINS_DRV_SetPinIntSel
 .text.PINS_DRV_ClearPinIntFlagCmd
                0x00001378       0x16 ./SDK/platform/drivers/src/pins/pins_driver.o
                0x00001378                PINS_DRV_ClearPinIntFlagCmd
 .text.PINS_DRV_GetPortIntFlag
                0x0000138e        0x6 ./SDK/platform/drivers/src/pins/pins_driver.o
                0x0000138e                PINS_DRV_GetPortIntFlag
 .text.PINS_DRV_ClearPortIntFlagCmd
                0x00001394        0xa ./SDK/platform/drivers/src/pins/pins_driver.o
                0x00001394                PINS_DRV_ClearPortIntFlagCmd
 .text.PINS_DRV_SetPins
                0x0000139e        0x4 ./SDK/platform/drivers/src/pins/pins_driver.o
                0x0000139e                PINS_DRV_SetPins
 .text.PINS_DRV_ClearPins
                0x000013a2        0x4 ./SDK/platform/drivers/src/pins/pins_driver.o
                0x000013a2                PINS_DRV_ClearPins
 .text.PINS_DRV_ReadPins
                0x000013a6        0x4 ./SDK/platform/drivers/src/pins/pins_driver.o
                0x000013a6                PINS_DRV_ReadPins
 *fill*         0x000013aa        0x2 
 .text.PINS_GetAdcInterleaveVal
                0x000013ac       0x70 ./SDK/platform/drivers/src/pins/pins_port_hw_access.o
 .text.PINS_Init
                0x0000141c      0x138 ./SDK/platform/drivers/src/pins/pins_port_hw_access.o
                0x0000141c                PINS_Init
 .text.SysTick_Handler
                0x00001554       0x10 ./SDK/rtos/osif/osif_baremetal.o
                0x00001554                SysTick_Handler
 .text.irq_lpit_0_tmr_0
                0x00001564       0x34 ./src/main.o
                0x00001564                irq_lpit_0_tmr_0
 .text.irq_lpit_0_tmr_1
                0x00001598       0x1c ./src/main.o
                0x00001598                irq_lpit_0_tmr_1
 .text.irq_port_c_pin
                0x000015b4       0xbc ./src/main.o
                0x000015b4                irq_port_c_pin
 .text.FLEXCAN0_init
                0x00001670       0x94 ./src/main.o
                0x00001670                FLEXCAN0_init
 .text.FLEXCAN0_transmit_msg
                0x00001704       0xe8 ./src/main.o
                0x00001704                FLEXCAN0_transmit_msg
 .text.FLEXCAN0_receive_msg
                0x000017ec       0x60 ./src/main.o
                0x000017ec                FLEXCAN0_receive_msg
 .text.irq_can_0_rx
                0x0000184c      0x1a4 ./src/main.o
                0x0000184c                irq_can_0_rx
 .text.main     0x000019f0      0x354 ./src/main.o
                0x000019f0                main
 *(.rodata)
 *(.rodata*)
 .rodata.clockNameMappings
                0x00001d44       0xa2 ./SDK/platform/drivers/src/clock/S32K1xx/clock_S32K1xx.o
                0x00001d44                clockNameMappings
 *fill*         0x00001de6        0x2 
 .rodata.maxSysClksInHSRUN.7675
                0x00001de8       0x54 ./SDK/platform/drivers/src/clock/S32K1xx/clock_S32K1xx.o
 .rodata.maxSysClksInRUN.7674
                0x00001e3c       0x54 ./SDK/platform/drivers/src/clock/S32K1xx/clock_S32K1xx.o
 .rodata.maxSysClksInVLPR.7673
                0x00001e90       0x54 ./SDK/platform/drivers/src/clock/S32K1xx/clock_S32K1xx.o
 *(.init)
 .init          0x00001ee4        0x4 c:/nxp/s32ds.3.5/s32ds/build_tools/gcc_b1620/gcc-6.3-arm32-eabi/bin/../lib/gcc/arm-none-eabi/6.3.1/thumb/v7e-m/fpv4-sp/hard/crti.o
                0x00001ee4                _init
 *(.fini)
 .fini          0x00001ee8        0x4 c:/nxp/s32ds.3.5/s32ds/build_tools/gcc_b1620/gcc-6.3-arm32-eabi/bin/../lib/gcc/arm-none-eabi/6.3.1/thumb/v7e-m/fpv4-sp/hard/crti.o
                0x00001ee8                _fini
 *(.eh_frame)
                0x00001eec                . = ALIGN (0x4)

.glue_7         0x00001eec        0x0
 .glue_7        0x00001eec        0x0 linker stubs

.glue_7t        0x00001eec        0x0
 .glue_7t       0x00001eec        0x0 linker stubs

.vfp11_veneer   0x00001eec        0x0
 .vfp11_veneer  0x00001eec        0x0 linker stubs

.v4_bx          0x00001eec        0x0
 .v4_bx         0x00001eec        0x0 linker stubs

.iplt           0x00001eec        0x0
 .iplt          0x00001eec        0x0 ./Project_Settings/Startup_Code/startup_S32K146.o

.rel.dyn        0x00001eec        0x0
 .rel.iplt      0x00001eec        0x0 ./Project_Settings/Startup_Code/startup_S32K146.o

.ARM            0x00001eec        0x0
                0x00001eec                __exidx_start = .
 *(.ARM.exidx*)
                0x00001eec                __exidx_end = .
                0x00001eec                __etext = .
                0x00001eec                __DATA_ROM = .

.interrupts_ram
                0x1fff0000      0x400
                0x1fff0000                . = ALIGN (0x4)
                0x1fff0000                __VECTOR_RAM__ = .
                0x1fff0000                __RAM_START = .
                0x1fff0000                __interrupts_ram_start__ = .
 *(.m_interrupts_ram)
                0x1fff0400                . = (. + M_VECTOR_RAM_SIZE)
 *fill*         0x1fff0000      0x400 
                0x1fff0400                . = ALIGN (0x4)
                0x1fff0400                __interrupts_ram_end__ = .
                0x1fff0000                __VECTOR_RAM = DEFINED (__flash_vector_table__)?ORIGIN (m_interrupts):__VECTOR_RAM__
                0x00000400                __RAM_VECTOR_TABLE_SIZE = DEFINED (__flash_vector_table__)?0x0:(__interrupts_ram_end__ - __interrupts_ram_start__)

.data           0x1fff0400      0x338 load address 0x00001eec
                0x1fff0400                . = ALIGN (0x4)
                0x1fff0400                __DATA_RAM = .
                0x1fff0400                __data_start__ = .
 *(.data)
 *(.data*)
 .data.peripheralClockConfig.7418
                0x1fff0400       0xaa ./SDK/platform/drivers/src/clock/S32K1xx/clock_S32K1xx.o
 *fill*         0x1fff04aa        0x2 
 .data.clockMan1_InitConfig0
                0x1fff04ac       0x90 ./board/clock_config.o
                0x1fff04ac                clockMan1_InitConfig0
 .data.peripheralClockConfig0
                0x1fff053c       0xaa ./board/clock_config.o
                0x1fff053c                peripheralClockConfig0
 *fill*         0x1fff05e6        0x2 
 .data.g_pin_mux_InitConfigArr0
                0x1fff05e8      0x150 ./board/pin_mux.o
                0x1fff05e8                g_pin_mux_InitConfigArr0
                0x1fff0738                . = ALIGN (0x4)
                0x1fff0738                __data_end__ = .
                0x00002224                __DATA_END = (__DATA_ROM + (__data_end__ - __data_start__))
                0x00002224                __CODE_ROM = __DATA_END

.igot.plt       0x1fff0738        0x0 load address 0x00002224
 .igot.plt      0x1fff0738        0x0 ./Project_Settings/Startup_Code/startup_S32K146.o

.code           0x1fff0738        0x0 load address 0x00002224
                0x1fff0738                . = ALIGN (0x4)
                0x1fff0738                __CODE_RAM = .
                0x1fff0738                __code_start__ = .
                0x1fff0738                __code_ram_start__ = .
 *(.code_ram)
                0x1fff0738                . = ALIGN (0x4)
                0x1fff0738                __code_end__ = .
                0x1fff0738                __code_ram_end__ = .
                0x00002224                __CODE_END = (__CODE_ROM + (__code_end__ - __code_start__))
                0x00002224                __CUSTOM_ROM = __CODE_END

.customSectionBlock
                0x20000000        0x0 load address 0x00002224
                0x20000000                __customSection_start__ = .
 *(.customSection)
                0x20000000                __customSection_end__ = .
                0x00002224                __CUSTOM_END = (__CUSTOM_ROM + (__customSection_end__ - __customSection_start__))
                0x00002224                __rom_end = __CUSTOM_END

.bss            0x20000000       0x58
                0x20000000                . = ALIGN (0x4)
                0x20000000                __BSS_START = .
                0x20000000                __bss_start__ = .
 *(.bss)
 *(.bss*)
 .bss.g_RtcClkInFreq
                0x20000000        0x4 ./SDK/platform/drivers/src/clock/S32K1xx/clock_S32K1xx.o
                0x20000000                g_RtcClkInFreq
 .bss.g_TClkFreq
                0x20000004        0xc ./SDK/platform/drivers/src/clock/S32K1xx/clock_S32K1xx.o
                0x20000004                g_TClkFreq
 .bss.g_xtal0ClkFreq
                0x20000010        0x4 ./SDK/platform/drivers/src/clock/S32K1xx/clock_S32K1xx.o
                0x20000010                g_xtal0ClkFreq
 .bss.s_osif_tick_cnt
                0x20000014        0x4 ./SDK/rtos/osif/osif_baremetal.o
 .bss.RxCODE    0x20000018        0x4 ./src/main.o
                0x20000018                RxCODE
 .bss.RxDATA    0x2000001c        0x8 ./src/main.o
                0x2000001c                RxDATA
 .bss.RxID      0x20000024        0x4 ./src/main.o
                0x20000024                RxID
 .bss.RxLENGTH  0x20000028        0x4 ./src/main.o
                0x20000028                RxLENGTH
 .bss.RxTIMESTAMP
                0x2000002c        0x4 ./src/main.o
                0x2000002c                RxTIMESTAMP
 .bss.u16_h1_is
                0x20000030        0xc ./src/main.o
                0x20000030                u16_h1_is
 .bss.u16_h1_is_avg
                0x2000003c        0x2 ./src/main.o
                0x2000003c                u16_h1_is_avg
 *fill*         0x2000003e        0x2 
 .bss.u16_h2_is
                0x20000040        0xc ./src/main.o
                0x20000040                u16_h2_is
 .bss.u16_h2_is_avg
                0x2000004c        0x2 ./src/main.o
                0x2000004c                u16_h2_is_avg
 .bss.u16_lock_shutoff_is
                0x2000004e        0x2 ./src/main.o
                0x2000004e                u16_lock_shutoff_is
 .bss.u16_unlock_shutoff_is
                0x20000050        0x2 ./src/main.o
                0x20000050                u16_unlock_shutoff_is
 .bss.u8_alive_cnt
                0x20000052        0x1 ./src/main.o
                0x20000052                u8_alive_cnt
 .bss.u8_h_bridge_request
                0x20000053        0x1 ./src/main.o
                0x20000053                u8_h_bridge_request
 .bss.u8_h_bridge_status
                0x20000054        0x1 ./src/main.o
                0x20000054                u8_h_bridge_status
 .bss.u8_pin_state
                0x20000055        0x1 ./src/main.o
                0x20000055                u8_pin_state
 .bss.u8_sample_idx
                0x20000056        0x1 ./src/main.o
                0x20000056                u8_sample_idx
 *(COMMON)
                0x20000058                . = ALIGN (0x4)
 *fill*         0x20000057        0x1 
                0x20000058                __bss_end__ = .
                0x20000058                __BSS_END = .

.heap           0x20000058      0x400
                0x20000058                . = ALIGN (0x8)
                0x20000058                __end__ = .
                0x20000058                __heap_start__ = .
                [!provide]                PROVIDE (end = .)
                [!provide]                PROVIDE (_end = .)
                [!provide]                PROVIDE (__end = .)
                0x20000058                __HeapBase = .
                0x20000458                . = (. + HEAP_SIZE)
 *fill*         0x20000058      0x400 
                0x20000458                __HeapLimit = .
                0x20000458                __heap_limit = .
                0x20000458                __heap_end__ = .
                0x2000f000                __StackTop = (ORIGIN (m_data_2) + LENGTH (m_data_2))
                0x2000ec00                __StackLimit = (__StackTop - STACK_SIZE)
                0x2000f000                PROVIDE (__stack = __StackTop)
                0x2000f000                __RAM_END = __StackTop

.stack          0x2000ec00      0x400
                0x2000ec00                . = ALIGN (0x8)
                0x2000ec00                __stack_start__ = .
                0x2000f000                . = (. + STACK_SIZE)
 *fill*         0x2000ec00      0x400 
                0x2000f000                __stack_end__ = .

.ARM.attributes
                0x00000000       0x30
 *(.ARM.attributes)
 .ARM.attributes
                0x00000000       0x22 c:/nxp/s32ds.3.5/s32ds/build_tools/gcc_b1620/gcc-6.3-arm32-eabi/bin/../lib/gcc/arm-none-eabi/6.3.1/thumb/v7e-m/fpv4-sp/hard/crti.o
 .ARM.attributes
                0x00000022       0x1f ./Project_Settings/Startup_Code/startup_S32K146.o
 .ARM.attributes
                0x00000041       0x39 ./SDK/platform/devices/S32K146/startup/system_S32K146.o
 .ARM.attributes
                0x0000007a       0x39 ./SDK/platform/devices/startup.o
 .ARM.attributes
                0x000000b3       0x39 ./SDK/platform/drivers/src/clock/S32K1xx/clock_S32K1xx.o
 .ARM.attributes
                0x000000ec       0x39 ./SDK/platform/drivers/src/interrupt/interrupt_manager.o
 .ARM.attributes
                0x00000125       0x39 ./SDK/platform/drivers/src/pins/pins_driver.o
 .ARM.attributes
                0x0000015e       0x39 ./SDK/platform/drivers/src/pins/pins_port_hw_access.o
 .ARM.attributes
                0x00000197       0x39 ./SDK/rtos/osif/osif_baremetal.o
 .ARM.attributes
                0x000001d0       0x39 ./board/clock_config.o
 .ARM.attributes
                0x00000209       0x39 ./board/pin_mux.o
 .ARM.attributes
                0x00000242       0x39 ./src/main.o
                0x00000001                ASSERT ((__rom_end <= (ORIGIN (m_text) + LENGTH (m_text))), Region m_text overflowed!)
                0x00000001                ASSERT ((__StackLimit >= __HeapLimit), region m_data_2 overflowed with stack and heap)
OUTPUT(K146_park_brake.elf elf32-littlearm)

.debug_line     0x00000000     0x45ce
 .debug_line    0x00000000       0xcc ./Project_Settings/Startup_Code/startup_S32K146.o
 .debug_line    0x000000cc      0x427 ./SDK/platform/devices/S32K146/startup/system_S32K146.o
 .debug_line    0x000004f3      0x3b5 ./SDK/platform/devices/startup.o
 .debug_line    0x000008a8     0x1538 ./SDK/platform/drivers/src/clock/S32K1xx/clock_S32K1xx.o
 .debug_line    0x00001de0      0x5ae ./SDK/platform/drivers/src/interrupt/interrupt_manager.o
 .debug_line    0x0000238e      0x6f5 ./SDK/platform/drivers/src/pins/pins_driver.o
 .debug_line    0x00002a83      0x5b4 ./SDK/platform/drivers/src/pins/pins_port_hw_access.o
 .debug_line    0x00003037      0x654 ./SDK/rtos/osif/osif_baremetal.o
 .debug_line    0x0000368b      0x455 ./board/clock_config.o
 .debug_line    0x00003ae0      0x3ee ./board/pin_mux.o
 .debug_line    0x00003ece      0x700 ./src/main.o

.debug_info     0x00000000     0xe191
 .debug_info    0x00000000       0x26 ./Project_Settings/Startup_Code/startup_S32K146.o
 .debug_info    0x00000026      0x521 ./SDK/platform/devices/S32K146/startup/system_S32K146.o
 .debug_info    0x00000547      0x2ad ./SDK/platform/devices/startup.o
 .debug_info    0x000007f4     0x62e8 ./SDK/platform/drivers/src/clock/S32K1xx/clock_S32K1xx.o
 .debug_info    0x00006adc      0xce6 ./SDK/platform/drivers/src/interrupt/interrupt_manager.o
 .debug_info    0x000077c2     0x14b7 ./SDK/platform/drivers/src/pins/pins_driver.o
 .debug_info    0x00008c79      0x9a5 ./SDK/platform/drivers/src/pins/pins_port_hw_access.o
 .debug_info    0x0000961e      0xbe6 ./SDK/rtos/osif/osif_baremetal.o
 .debug_info    0x0000a204     0x12d1 ./board/clock_config.o
 .debug_info    0x0000b4d5      0x409 ./board/pin_mux.o
 .debug_info    0x0000b8de     0x28b3 ./src/main.o

.debug_abbrev   0x00000000     0x1523
 .debug_abbrev  0x00000000       0x14 ./Project_Settings/Startup_Code/startup_S32K146.o
 .debug_abbrev  0x00000014      0x141 ./SDK/platform/devices/S32K146/startup/system_S32K146.o
 .debug_abbrev  0x00000155       0xe1 ./SDK/platform/devices/startup.o
 .debug_abbrev  0x00000236      0x409 ./SDK/platform/drivers/src/clock/S32K1xx/clock_S32K1xx.o
 .debug_abbrev  0x0000063f      0x278 ./SDK/platform/drivers/src/interrupt/interrupt_manager.o
 .debug_abbrev  0x000008b7      0x2f6 ./SDK/platform/drivers/src/pins/pins_driver.o
 .debug_abbrev  0x00000bad      0x232 ./SDK/platform/drivers/src/pins/pins_port_hw_access.o
 .debug_abbrev  0x00000ddf      0x2df ./SDK/rtos/osif/osif_baremetal.o
 .debug_abbrev  0x000010be      0x125 ./board/clock_config.o
 .debug_abbrev  0x000011e3       0xcd ./board/pin_mux.o
 .debug_abbrev  0x000012b0      0x273 ./src/main.o

.debug_aranges  0x00000000      0x420
 .debug_aranges
                0x00000000       0x20 ./Project_Settings/Startup_Code/startup_S32K146.o
 .debug_aranges
                0x00000020       0x30 ./SDK/platform/devices/S32K146/startup/system_S32K146.o
 .debug_aranges
                0x00000050       0x20 ./SDK/platform/devices/startup.o
 .debug_aranges
                0x00000070      0x128 ./SDK/platform/drivers/src/clock/S32K1xx/clock_S32K1xx.o
 .debug_aranges
                0x00000198       0x70 ./SDK/platform/drivers/src/interrupt/interrupt_manager.o
 .debug_aranges
                0x00000208       0xe0 ./SDK/platform/drivers/src/pins/pins_driver.o
 .debug_aranges
                0x000002e8       0x40 ./SDK/platform/drivers/src/pins/pins_port_hw_access.o
 .debug_aranges
                0x00000328       0x70 ./SDK/rtos/osif/osif_baremetal.o
 .debug_aranges
                0x00000398       0x18 ./board/clock_config.o
 .debug_aranges
                0x000003b0       0x18 ./board/pin_mux.o
 .debug_aranges
                0x000003c8       0x58 ./src/main.o

.debug_str      0x00000000    0x6fd70
 .debug_str     0x00000000       0xbc ./Project_Settings/Startup_Code/startup_S32K146.o
 .debug_str     0x000000bc    0x699ae ./SDK/platform/devices/S32K146/startup/system_S32K146.o
                              0x69b34 (size before relaxing)
 .debug_str     0x00069a6a      0x399 ./SDK/platform/devices/startup.o
                              0x69ca6 (size before relaxing)
 .debug_str     0x00069e03     0x4187 ./SDK/platform/drivers/src/clock/S32K1xx/clock_S32K1xx.o
                              0x6de2c (size before relaxing)
 .debug_str     0x0006df8a      0x8ab ./SDK/platform/drivers/src/interrupt/interrupt_manager.o
                              0x6a521 (size before relaxing)
 .debug_str     0x0006e835      0x9dc ./SDK/platform/drivers/src/pins/pins_driver.o
                              0x6ae02 (size before relaxing)
 .debug_str     0x0006f211      0x1d4 ./SDK/platform/drivers/src/pins/pins_port_hw_access.o
                              0x6a2ea (size before relaxing)
 .debug_str     0x0006f3e5      0x269 ./SDK/rtos/osif/osif_baremetal.o
                              0x6aca7 (size before relaxing)
 .debug_str     0x0006f64e       0xda ./board/clock_config.o
                              0x6bc14 (size before relaxing)
 .debug_str     0x0006f728      0x14c ./board/pin_mux.o
                              0x6a0a4 (size before relaxing)
 .debug_str     0x0006f874      0x4fc ./src/main.o
                              0x6ccc3 (size before relaxing)

.debug_loc      0x00000000     0x699f
 .debug_loc     0x00000000       0xeb ./SDK/platform/devices/S32K146/startup/system_S32K146.o
 .debug_loc     0x000000eb       0xec ./SDK/platform/devices/startup.o
 .debug_loc     0x000001d7     0x4ef7 ./SDK/platform/drivers/src/clock/S32K1xx/clock_S32K1xx.o
 .debug_loc     0x000050ce      0x681 ./SDK/platform/drivers/src/interrupt/interrupt_manager.o
 .debug_loc     0x0000574f      0x7c7 ./SDK/platform/drivers/src/pins/pins_driver.o
 .debug_loc     0x00005f16      0x639 ./SDK/platform/drivers/src/pins/pins_port_hw_access.o
 .debug_loc     0x0000654f      0x353 ./SDK/rtos/osif/osif_baremetal.o
 .debug_loc     0x000068a2       0xfd ./src/main.o

.debug_ranges   0x00000000      0x698
 .debug_ranges  0x00000000       0x20 ./SDK/platform/devices/S32K146/startup/system_S32K146.o
 .debug_ranges  0x00000020       0x10 ./SDK/platform/devices/startup.o
 .debug_ranges  0x00000030      0x3d8 ./SDK/platform/drivers/src/clock/S32K1xx/clock_S32K1xx.o
 .debug_ranges  0x00000408       0x98 ./SDK/platform/drivers/src/interrupt/interrupt_manager.o
 .debug_ranges  0x000004a0       0xd0 ./SDK/platform/drivers/src/pins/pins_driver.o
 .debug_ranges  0x00000570       0x48 ./SDK/platform/drivers/src/pins/pins_port_hw_access.o
 .debug_ranges  0x000005b8       0x98 ./SDK/rtos/osif/osif_baremetal.o
 .debug_ranges  0x00000650       0x48 ./src/main.o

.debug_macro    0x00000000    0x205b4
 .debug_macro   0x00000000       0xb5 ./SDK/platform/devices/S32K146/startup/system_S32K146.o
 .debug_macro   0x000000b5      0x8d4 ./SDK/platform/devices/S32K146/startup/system_S32K146.o
 .debug_macro   0x00000989       0x10 ./SDK/platform/devices/S32K146/startup/system_S32K146.o
 .debug_macro   0x00000999       0x79 ./SDK/platform/devices/S32K146/startup/system_S32K146.o
 .debug_macro   0x00000a12       0x16 ./SDK/platform/devices/S32K146/startup/system_S32K146.o
 .debug_macro   0x00000a28       0x22 ./SDK/platform/devices/S32K146/startup/system_S32K146.o
 .debug_macro   0x00000a4a       0x56 ./SDK/platform/devices/S32K146/startup/system_S32K146.o
 .debug_macro   0x00000aa0       0x51 ./SDK/platform/devices/S32K146/startup/system_S32K146.o
 .debug_macro   0x00000af1       0xef ./SDK/platform/devices/S32K146/startup/system_S32K146.o
 .debug_macro   0x00000be0       0x6a ./SDK/platform/devices/S32K146/startup/system_S32K146.o
 .debug_macro   0x00000c4a      0x1df ./SDK/platform/devices/S32K146/startup/system_S32K146.o
 .debug_macro   0x00000e29     0xef44 ./SDK/platform/devices/S32K146/startup/system_S32K146.o
 .debug_macro   0x0000fd6d      0xbb6 ./SDK/platform/devices/S32K146/startup/system_S32K146.o
 .debug_macro   0x00010923       0x22 ./SDK/platform/devices/S32K146/startup/system_S32K146.o
 .debug_macro   0x00010945       0x28 ./SDK/platform/devices/S32K146/startup/system_S32K146.o
 .debug_macro   0x0001096d       0xb6 ./SDK/platform/devices/startup.o
 .debug_macro   0x00010a23     0xef56 ./SDK/platform/devices/startup.o
 .debug_macro   0x0001f979       0x40 ./SDK/platform/devices/startup.o
 .debug_macro   0x0001f9b9      0x2af ./SDK/platform/drivers/src/clock/S32K1xx/clock_S32K1xx.o
 .debug_macro   0x0001fc68      0x16d ./SDK/platform/drivers/src/clock/S32K1xx/clock_S32K1xx.o
 .debug_macro   0x0001fdd5       0x16 ./SDK/platform/drivers/src/clock/S32K1xx/clock_S32K1xx.o
 .debug_macro   0x0001fdeb       0x8a ./SDK/platform/drivers/src/clock/S32K1xx/clock_S32K1xx.o
 .debug_macro   0x0001fe75       0xc9 ./SDK/platform/drivers/src/interrupt/interrupt_manager.o
 .debug_macro   0x0001ff3e       0xdd ./SDK/platform/drivers/src/pins/pins_driver.o
 .debug_macro   0x0002001b       0xdd ./SDK/platform/drivers/src/pins/pins_port_hw_access.o
 .debug_macro   0x000200f8       0xfb ./SDK/rtos/osif/osif_baremetal.o
 .debug_macro   0x000201f3       0xd8 ./board/clock_config.o
 .debug_macro   0x000202cb       0x16 ./board/clock_config.o
 .debug_macro   0x000202e1       0xd8 ./board/pin_mux.o
 .debug_macro   0x000203b9       0x6a ./board/pin_mux.o
 .debug_macro   0x00020423      0x181 ./src/main.o
 .debug_macro   0x000205a4       0x10 ./src/main.o

.comment        0x00000000       0x7e
 .comment       0x00000000       0x7e ./SDK/platform/devices/S32K146/startup/system_S32K146.o
                                 0x7f (size before relaxing)
 .comment       0x0000007e       0x7f ./SDK/platform/devices/startup.o
 .comment       0x0000007e       0x7f ./SDK/platform/drivers/src/clock/S32K1xx/clock_S32K1xx.o
 .comment       0x0000007e       0x7f ./SDK/platform/drivers/src/interrupt/interrupt_manager.o
 .comment       0x0000007e       0x7f ./SDK/platform/drivers/src/pins/pins_driver.o
 .comment       0x0000007e       0x7f ./SDK/platform/drivers/src/pins/pins_port_hw_access.o
 .comment       0x0000007e       0x7f ./SDK/rtos/osif/osif_baremetal.o
 .comment       0x0000007e       0x7f ./board/clock_config.o
 .comment       0x0000007e       0x7f ./board/pin_mux.o
 .comment       0x0000007e       0x7f ./src/main.o

.debug_frame    0x00000000      0x924
 .debug_frame   0x00000000       0x40 ./SDK/platform/devices/S32K146/startup/system_S32K146.o
 .debug_frame   0x00000040       0x2c ./SDK/platform/devices/startup.o
 .debug_frame   0x0000006c      0x3a4 ./SDK/platform/drivers/src/clock/S32K1xx/clock_S32K1xx.o
 .debug_frame   0x00000410       0xd8 ./SDK/platform/drivers/src/interrupt/interrupt_manager.o
 .debug_frame   0x000004e8      0x1e4 ./SDK/platform/drivers/src/pins/pins_driver.o
 .debug_frame   0x000006cc       0xa0 ./SDK/platform/drivers/src/pins/pins_port_hw_access.o
 .debug_frame   0x0000076c       0xf4 ./SDK/rtos/osif/osif_baremetal.o
 .debug_frame   0x00000860       0xc4 ./src/main.o
